Archive member included to satisfy reference by file (symbol)

c:/program files (x86)/atollic/truestudio for arm 8.0.0/armtools/bin/../lib/gcc/arm-atollic-eabi/6.3.1/../../../../arm-atollic-eabi/lib/armv7e-m/fpu\libc_nano.a(lib_a-div.o)
                              src\serial.o (div)
c:/program files (x86)/atollic/truestudio for arm 8.0.0/armtools/bin/../lib/gcc/arm-atollic-eabi/6.3.1/../../../../arm-atollic-eabi/lib/armv7e-m/fpu\libc_nano.a(lib_a-init.o)
                              src\startup_stm32f302x8.o (__libc_init_array)
c:/program files (x86)/atollic/truestudio for arm 8.0.0/armtools/bin/../lib/gcc/arm-atollic-eabi/6.3.1/../../../../arm-atollic-eabi/lib/armv7e-m/fpu\libc_nano.a(lib_a-memset.o)
                              src\ServerLifter.o (memset)
c:/program files (x86)/atollic/truestudio for arm 8.0.0/armtools/bin/../lib/gcc/arm-atollic-eabi/6.3.1/../../../../arm-atollic-eabi/lib/armv7e-m/fpu\libc_nano.a(lib_a-reent.o)
                              src\syscalls.o (errno)
c:/program files (x86)/atollic/truestudio for arm 8.0.0/armtools/bin/../lib/gcc/arm-atollic-eabi/6.3.1/../../../../arm-atollic-eabi/lib/armv7e-m/fpu\libc_nano.a(lib_a-strlen.o)
                              src\tiny_printf.o (strlen)
c:/program files (x86)/atollic/truestudio for arm 8.0.0/armtools/bin/../lib/gcc/arm-atollic-eabi/6.3.1/../../../../arm-atollic-eabi/lib/armv7e-m/fpu\libc_nano.a(lib_a-impure.o)
                              c:/program files (x86)/atollic/truestudio for arm 8.0.0/armtools/bin/../lib/gcc/arm-atollic-eabi/6.3.1/../../../../arm-atollic-eabi/lib/armv7e-m/fpu\libc_nano.a(lib_a-reent.o) (_impure_ptr)
c:/program files (x86)/atollic/truestudio for arm 8.0.0/armtools/bin/../lib/gcc/arm-atollic-eabi/6.3.1/../../../../arm-atollic-eabi/lib/armv7e-m/fpu\libc_nano.a(lib_a-nano-freer.o)
                              c:/program files (x86)/atollic/truestudio for arm 8.0.0/armtools/bin/../lib/gcc/arm-atollic-eabi/6.3.1/../../../../arm-atollic-eabi/lib/armv7e-m/fpu\libc_nano.a(lib_a-reent.o) (_free_r)
c:/program files (x86)/atollic/truestudio for arm 8.0.0/armtools/bin/../lib/gcc/arm-atollic-eabi/6.3.1/../../../../arm-atollic-eabi/lib/armv7e-m/fpu\libc_nano.a(lib_a-nano-mallocr.o)
                              c:/program files (x86)/atollic/truestudio for arm 8.0.0/armtools/bin/../lib/gcc/arm-atollic-eabi/6.3.1/../../../../arm-atollic-eabi/lib/armv7e-m/fpu\libc_nano.a(lib_a-nano-freer.o) (__malloc_free_list)
c:/program files (x86)/atollic/truestudio for arm 8.0.0/armtools/bin/../lib/gcc/arm-atollic-eabi/6.3.1/../../../../arm-atollic-eabi/lib/armv7e-m/fpu\libc_nano.a(lib_a-sbrkr.o)
                              c:/program files (x86)/atollic/truestudio for arm 8.0.0/armtools/bin/../lib/gcc/arm-atollic-eabi/6.3.1/../../../../arm-atollic-eabi/lib/armv7e-m/fpu\libc_nano.a(lib_a-nano-mallocr.o) (_sbrk_r)
c:/program files (x86)/atollic/truestudio for arm 8.0.0/armtools/bin/../lib/gcc/arm-atollic-eabi/6.3.1/../../../../arm-atollic-eabi/lib/armv7e-m/fpu\libc_nano.a(lib_a-mlock.o)
                              c:/program files (x86)/atollic/truestudio for arm 8.0.0/armtools/bin/../lib/gcc/arm-atollic-eabi/6.3.1/../../../../arm-atollic-eabi/lib/armv7e-m/fpu\libc_nano.a(lib_a-nano-freer.o) (__malloc_lock)

Allocating common symbols
Common symbol       size              file

POT4_SYNC           0x8               src\digipot.o
analogExpTelemetry  0x4               src\telemetry.o
POT2_RDY            0x8               src\digipot.o
errno               0x4               c:/program files (x86)/atollic/truestudio for arm 8.0.0/armtools/bin/../lib/gcc/arm-atollic-eabi/6.3.1/../../../../arm-atollic-eabi/lib/armv7e-m/fpu\libc_nano.a(lib_a-reent.o)
POT6_INDEP          0x8               src\digipot.o
GlobalTxMessage     0x14              src\CAN.o
nodeID              0x4               src\CAN.o
cs32B               0x4               src\serial.o
PWR_CTRL            0x8               src\digipot.o
POT6_SYNC           0x8               src\digipot.o
POT5_INDEP          0x8               src\digipot.o
msgHeader           0x1c              src\telemetry.o
serverLifter        0x14              src\ServerLifter.o
POT4_INDEP          0x8               src\digipot.o
canMessageBuffer    0xd0              src\CAN.o
POT1_RDY            0x8               src\digipot.o
serialPort2         0x420             src\serial.o
POT3_RDY            0x8               src\digipot.o
digipotCmd          0xc               src\digipot.o
driveMotor          0x18              src\encoder.o
SPI2_RESET          0x8               src\digipot.o
POT1_SYNC           0x8               src\digipot.o
POT3_SYNC           0x8               src\digipot.o
uplinkData          0x34              src\command.o
cs32A               0x4               src\serial.o
timerData           0x8               src\timer.o
canID               0x4               src\CAN.o
POT2_SYNC           0x8               src\digipot.o
POT5_SYNC           0x8               src\digipot.o
[...]
Memory Configuration

Name             Origin             Length             Attributes
FLASH            0x08000000         0x00008000         xr
RAM              0x20000000         0x00004000         xrw
MEMORY_B1        0x60000000         0x00000000         xr
CCMRAM           0x10000000         0x00002000         rw
*default*        0x00000000         0xffffffff

Linker script and memory map

LOAD c:/program files (x86)/atollic/truestudio for arm 8.0.0/armtools/bin/../lib/gcc/arm-atollic-eabi/6.3.1/armv7e-m/fpu/crti.o
LOAD c:/program files (x86)/atollic/truestudio for arm 8.0.0/armtools/bin/../lib/gcc/arm-atollic-eabi/6.3.1/armv7e-m/fpu/crtbegin.o
LOAD Drivers\STM32F3xx_HAL_Driver\src\stm32f30x_adc.o
LOAD Drivers\STM32F3xx_HAL_Driver\src\stm32f30x_can.o
LOAD Drivers\STM32F3xx_HAL_Driver\src\stm32f30x_comp.o
LOAD Drivers\STM32F3xx_HAL_Driver\src\stm32f30x_crc.o
LOAD Drivers\STM32F3xx_HAL_Driver\src\stm32f30x_dac.o
LOAD Drivers\STM32F3xx_HAL_Driver\src\stm32f30x_dbgmcu.o
LOAD Drivers\STM32F3xx_HAL_Driver\src\stm32f30x_dma.o
LOAD Drivers\STM32F3xx_HAL_Driver\src\stm32f30x_exti.o
LOAD Drivers\STM32F3xx_HAL_Driver\src\stm32f30x_flash.o
LOAD Drivers\STM32F3xx_HAL_Driver\src\stm32f30x_fmc.o
LOAD Drivers\STM32F3xx_HAL_Driver\src\stm32f30x_gpio.o
LOAD Drivers\STM32F3xx_HAL_Driver\src\stm32f30x_hrtim.o
LOAD Drivers\STM32F3xx_HAL_Driver\src\stm32f30x_i2c.o
LOAD Drivers\STM32F3xx_HAL_Driver\src\stm32f30x_iwdg.o
LOAD Drivers\STM32F3xx_HAL_Driver\src\stm32f30x_misc.o
LOAD Drivers\STM32F3xx_HAL_Driver\src\stm32f30x_opamp.o
LOAD Drivers\STM32F3xx_HAL_Driver\src\stm32f30x_pwr.o
LOAD Drivers\STM32F3xx_HAL_Driver\src\stm32f30x_rcc.o
LOAD Drivers\STM32F3xx_HAL_Driver\src\stm32f30x_rtc.o
LOAD Drivers\STM32F3xx_HAL_Driver\src\stm32f30x_spi.o
LOAD Drivers\STM32F3xx_HAL_Driver\src\stm32f30x_syscfg.o
LOAD Drivers\STM32F3xx_HAL_Driver\src\stm32f30x_tim.o
LOAD Drivers\STM32F3xx_HAL_Driver\src\stm32f30x_usart.o
LOAD Drivers\STM32F3xx_HAL_Driver\src\stm32f30x_wwdg.o
LOAD src\CAN.o
LOAD src\GPIOs.o
LOAD src\HMIComm.o
LOAD src\ServerLifter.o
LOAD src\command.o
LOAD src\digipot.o
LOAD src\encoder.o
LOAD src\main.o
LOAD src\serial.o
LOAD src\spi.o
LOAD src\startup_stm32f302x8.o
LOAD src\syscalls.o
LOAD src\system_stm32f30x.o
LOAD src\telemetry.o
LOAD src\timer.o
LOAD src\tiny_printf.o
                0x00000080                malloc_getpagesize_P = 0x80
START GROUP
LOAD c:/program files (x86)/atollic/truestudio for arm 8.0.0/armtools/bin/../lib/gcc/arm-atollic-eabi/6.3.1/../../../../arm-atollic-eabi/lib/armv7e-m/fpu\libc_nano.a
LOAD c:/program files (x86)/atollic/truestudio for arm 8.0.0/armtools/bin/../lib/gcc/arm-atollic-eabi/6.3.1/../../../../arm-atollic-eabi/lib/armv7e-m/fpu\libm.a
END GROUP
START GROUP
LOAD c:/program files (x86)/atollic/truestudio for arm 8.0.0/armtools/bin/../lib/gcc/arm-atollic-eabi/6.3.1/armv7e-m/fpu\libgcc.a
LOAD c:/program files (x86)/atollic/truestudio for arm 8.0.0/armtools/bin/../lib/gcc/arm-atollic-eabi/6.3.1/../../../../arm-atollic-eabi/lib/armv7e-m/fpu\libc_nano.a
END GROUP
START GROUP
LOAD c:/program files (x86)/atollic/truestudio for arm 8.0.0/armtools/bin/../lib/gcc/arm-atollic-eabi/6.3.1/armv7e-m/fpu\libgcc.a
LOAD c:/program files (x86)/atollic/truestudio for arm 8.0.0/armtools/bin/../lib/gcc/arm-atollic-eabi/6.3.1/../../../../arm-atollic-eabi/lib/armv7e-m/fpu\libc_nano.a
LOAD c:/program files (x86)/atollic/truestudio for arm 8.0.0/armtools/bin/../lib/gcc/arm-atollic-eabi/6.3.1/../../../../arm-atollic-eabi/lib/armv7e-m/fpu\libnosys.a
END GROUP
START GROUP
LOAD c:/program files (x86)/atollic/truestudio for arm 8.0.0/armtools/bin/../lib/gcc/arm-atollic-eabi/6.3.1/armv7e-m/fpu\libgcc.a
LOAD c:/program files (x86)/atollic/truestudio for arm 8.0.0/armtools/bin/../lib/gcc/arm-atollic-eabi/6.3.1/../../../../arm-atollic-eabi/lib/armv7e-m/fpu\libc_nano.a
LOAD c:/program files (x86)/atollic/truestudio for arm 8.0.0/armtools/bin/../lib/gcc/arm-atollic-eabi/6.3.1/../../../../arm-atollic-eabi/lib/armv7e-m/fpu\libnosys.a
END GROUP
LOAD c:/program files (x86)/atollic/truestudio for arm 8.0.0/armtools/bin/../lib/gcc/arm-atollic-eabi/6.3.1/armv7e-m/fpu/crtend.o
LOAD c:/program files (x86)/atollic/truestudio for arm 8.0.0/armtools/bin/../lib/gcc/arm-atollic-eabi/6.3.1/armv7e-m/fpu/crtn.o
                0x20004000                _estack = 0x20004000
                0x00000000                _Min_Heap_Size = 0x0
                0x00000080                _Min_Stack_Size = 0x80

.isr_vector     0x08000000      0x188
                0x08000000                . = ALIGN (0x4)
 *(.isr_vector)
 .isr_vector    0x08000000      0x188 src\startup_stm32f302x8.o
                0x08000000                g_pfnVectors
                0x08000188                . = ALIGN (0x4)

.text           0x08000188     0x29e4
                0x08000188                . = ALIGN (0x4)
 *(.text)
 .text          0x08000188       0x40 c:/program files (x86)/atollic/truestudio for arm 8.0.0/armtools/bin/../lib/gcc/arm-atollic-eabi/6.3.1/armv7e-m/fpu/crtbegin.o
 *(.text*)
 .text.CAN_Receive
                0x080001c8      0x17c Drivers\STM32F3xx_HAL_Driver\src\stm32f30x_can.o
                0x080001c8                CAN_Receive
 .text.DMA_DeInit
                0x08000344      0x178 Drivers\STM32F3xx_HAL_Driver\src\stm32f30x_dma.o
                0x08000344                DMA_DeInit
 .text.DMA_Init
                0x080004bc       0x80 Drivers\STM32F3xx_HAL_Driver\src\stm32f30x_dma.o
                0x080004bc                DMA_Init
 .text.DMA_Cmd  0x0800053c       0x3a Drivers\STM32F3xx_HAL_Driver\src\stm32f30x_dma.o
                0x0800053c                DMA_Cmd
 .text.DMA_SetCurrDataCounter
                0x08000576       0x1e Drivers\STM32F3xx_HAL_Driver\src\stm32f30x_dma.o
                0x08000576                DMA_SetCurrDataCounter
 .text.DMA_GetCurrDataCounter
                0x08000594       0x1a Drivers\STM32F3xx_HAL_Driver\src\stm32f30x_dma.o
                0x08000594                DMA_GetCurrDataCounter
 .text.DMA_ITConfig
                0x080005ae       0x3c Drivers\STM32F3xx_HAL_Driver\src\stm32f30x_dma.o
                0x080005ae                DMA_ITConfig
 *fill*         0x080005ea        0x2 
 .text.DMA_GetFlagStatus
                0x080005ec       0x54 Drivers\STM32F3xx_HAL_Driver\src\stm32f30x_dma.o
                0x080005ec                DMA_GetFlagStatus
 .text.DMA_ClearFlag
                0x08000640       0x34 Drivers\STM32F3xx_HAL_Driver\src\stm32f30x_dma.o
                0x08000640                DMA_ClearFlag
 .text.GPIO_Init
                0x08000674      0x132 Drivers\STM32F3xx_HAL_Driver\src\stm32f30x_gpio.o
                0x08000674                GPIO_Init
 .text.GPIO_PinAFConfig
                0x080007a6       0x92 Drivers\STM32F3xx_HAL_Driver\src\stm32f30x_gpio.o
                0x080007a6                GPIO_PinAFConfig
 .text.NVIC_PriorityGroupConfig
                0x08000838       0x28 Drivers\STM32F3xx_HAL_Driver\src\stm32f30x_misc.o
                0x08000838                NVIC_PriorityGroupConfig
 .text.NVIC_Init
                0x08000860       0xc8 Drivers\STM32F3xx_HAL_Driver\src\stm32f30x_misc.o
                0x08000860                NVIC_Init
 .text.RCC_GetClocksFreq
                0x08000928      0x550 Drivers\STM32F3xx_HAL_Driver\src\stm32f30x_rcc.o
                0x08000928                RCC_GetClocksFreq
 .text.RCC_AHBPeriphClockCmd
                0x08000e78       0x40 Drivers\STM32F3xx_HAL_Driver\src\stm32f30x_rcc.o
                0x08000e78                RCC_AHBPeriphClockCmd
 .text.RCC_APB2PeriphClockCmd
                0x08000eb8       0x40 Drivers\STM32F3xx_HAL_Driver\src\stm32f30x_rcc.o
                0x08000eb8                RCC_APB2PeriphClockCmd
 .text.RCC_APB1PeriphClockCmd
                0x08000ef8       0x40 Drivers\STM32F3xx_HAL_Driver\src\stm32f30x_rcc.o
                0x08000ef8                RCC_APB1PeriphClockCmd
 .text.RCC_APB2PeriphResetCmd
                0x08000f38       0x40 Drivers\STM32F3xx_HAL_Driver\src\stm32f30x_rcc.o
                0x08000f38                RCC_APB2PeriphResetCmd
 .text.RCC_APB1PeriphResetCmd
                0x08000f78       0x40 Drivers\STM32F3xx_HAL_Driver\src\stm32f30x_rcc.o
                0x08000f78                RCC_APB1PeriphResetCmd
 .text.SPI_Init
                0x08000fb8      0x116 Drivers\STM32F3xx_HAL_Driver\src\stm32f30x_spi.o
                0x08000fb8                SPI_Init
 .text.SPI_Cmd  0x080010ce       0x40 Drivers\STM32F3xx_HAL_Driver\src\stm32f30x_spi.o
                0x080010ce                SPI_Cmd
 .text.SPI_I2S_SendData16
                0x0800110e       0x1e Drivers\STM32F3xx_HAL_Driver\src\stm32f30x_spi.o
                0x0800110e                SPI_I2S_SendData16
 .text.SPI_I2S_ReceiveData16
                0x0800112c       0x1a Drivers\STM32F3xx_HAL_Driver\src\stm32f30x_spi.o
                0x0800112c                SPI_I2S_ReceiveData16
 .text.SPI_I2S_GetFlagStatus
                0x08001146       0x38 Drivers\STM32F3xx_HAL_Driver\src\stm32f30x_spi.o
                0x08001146                SPI_I2S_GetFlagStatus
 *fill*         0x0800117e        0x2 
 .text.TIM_DeInit
                0x08001180      0x16c Drivers\STM32F3xx_HAL_Driver\src\stm32f30x_tim.o
                0x08001180                TIM_DeInit
 .text.TIM_TimeBaseInit
                0x080012ec      0x100 Drivers\STM32F3xx_HAL_Driver\src\stm32f30x_tim.o
                0x080012ec                TIM_TimeBaseInit
 .text.TIM_SetCounter
                0x080013ec       0x1c Drivers\STM32F3xx_HAL_Driver\src\stm32f30x_tim.o
                0x080013ec                TIM_SetCounter
 .text.TIM_SetAutoreload
                0x08001408       0x1c Drivers\STM32F3xx_HAL_Driver\src\stm32f30x_tim.o
                0x08001408                TIM_SetAutoreload
 .text.TIM_Cmd  0x08001424       0x40 Drivers\STM32F3xx_HAL_Driver\src\stm32f30x_tim.o
                0x08001424                TIM_Cmd
 .text.TIM_ITConfig
                0x08001464       0x40 Drivers\STM32F3xx_HAL_Driver\src\stm32f30x_tim.o
                0x08001464                TIM_ITConfig
 .text.TIM_ClearITPendingBit
                0x080014a4       0x24 Drivers\STM32F3xx_HAL_Driver\src\stm32f30x_tim.o
                0x080014a4                TIM_ClearITPendingBit
 .text.TIM_EncoderInterfaceConfig
                0x080014c8       0x98 Drivers\STM32F3xx_HAL_Driver\src\stm32f30x_tim.o
                0x080014c8                TIM_EncoderInterfaceConfig
 .text.USART_Init
                0x08001560      0x178 Drivers\STM32F3xx_HAL_Driver\src\stm32f30x_usart.o
                0x08001560                USART_Init
 .text.USART_Cmd
                0x080016d8       0x38 Drivers\STM32F3xx_HAL_Driver\src\stm32f30x_usart.o
                0x080016d8                USART_Cmd
 .text.USART_SendData
                0x08001710       0x24 Drivers\STM32F3xx_HAL_Driver\src\stm32f30x_usart.o
                0x08001710                USART_SendData
 .text.USART_DMACmd
                0x08001734       0x3c Drivers\STM32F3xx_HAL_Driver\src\stm32f30x_usart.o
                0x08001734                USART_DMACmd
 .text.USART_ITConfig
                0x08001770       0x84 Drivers\STM32F3xx_HAL_Driver\src\stm32f30x_usart.o
                0x08001770                USART_ITConfig
 .text.USART_GetFlagStatus
                0x080017f4       0x32 Drivers\STM32F3xx_HAL_Driver\src\stm32f30x_usart.o
                0x080017f4                USART_GetFlagStatus
 *fill*         0x08001826        0x2 
 .text.USB_LP_CAN_RX0_IRQHandler
                0x08001828       0x54 src\CAN.o
                0x08001828                USB_LP_CAN_RX0_IRQHandler
 .text.gpioConfiguration
                0x0800187c      0x124 src\GPIOs.o
                0x0800187c                gpioConfiguration
 .text.digitalInit
                0x080019a0       0x76 src\GPIOs.o
                0x080019a0                digitalInit
 .text.HMICommInit
                0x08001a16        0xc src\HMIComm.o
                0x08001a16                HMICommInit
 *fill*         0x08001a22        0x2 
 .text.HMIReceived
                0x08001a24       0x3c src\HMIComm.o
                0x08001a24                HMIReceived
 .text.InitServerLifter
                0x08001a60       0x1a src\ServerLifter.o
                0x08001a60                InitServerLifter
 *fill*         0x08001a7a        0x2 
 .text.Init     0x08001a7c       0x58 src\ServerLifter.o
                0x08001a7c                Init
 .text.UpdateMainRoutine
                0x08001ad4       0x14 src\ServerLifter.o
                0x08001ad4                UpdateMainRoutine
 .text.digiPot_init
                0x08001ae8      0x590 src\digipot.o
                0x08001ae8                digiPot_init
 .text.TIM6_DAC_IRQHandler
                0x08002078       0x20 src\encoder.o
                0x08002078                TIM6_DAC_IRQHandler
 .text.controlInit
                0x08002098       0x88 src\encoder.o
                0x08002098                controlInit
 .text.motorEncoderProcess
                0x08002120       0xb4 src\encoder.o
                0x08002120                motorEncoderProcess
 .text.encoderInit
                0x080021d4       0x90 src\encoder.o
                0x080021d4                encoderInit
 .text.main     0x08002264       0x12 src\main.o
                0x08002264                main
 .text.HardFault_Handler
                0x08002276        0x6 src\main.o
                0x08002276                HardFault_Handler
 .text.WWDG_IRQHandler
                0x0800227c        0x6 src\main.o
                0x0800227c                WWDG_IRQHandler
 .text.UsageFault_Handler
                0x08002282        0x6 src\main.o
                0x08002282                UsageFault_Handler
 .text.USART2_Config
                0x08002288      0x1ec src\serial.o
                0x08002288                USART2_Config
 .text.serialStartTxDMA
                0x08002474       0x88 src\serial.o
                0x08002474                serialStartTxDMA
 .text.serialWrite
                0x080024fc       0x44 src\serial.o
                0x080024fc                serialWrite
 .text.USART2_IRQHandler
                0x08002540       0x7c src\serial.o
                0x08002540                USART2_IRQHandler
 .text.DMA1_Channel7_IRQHandler
                0x080025bc       0x60 src\serial.o
                0x080025bc                DMA1_Channel7_IRQHandler
 .text.SPI_Config
                0x0800261c      0x17c src\spi.o
                0x0800261c                SPI_Config
 .text.spi_rw_16
                0x08002798       0x46 src\spi.o
                0x08002798                spi_rw_16
 *fill*         0x080027de        0x2 
 .text.Reset_Handler
                0x080027e0       0x50 src\startup_stm32f302x8.o
                0x080027e0                Reset_Handler
 .text.Default_Handler
                0x08002830        0x2 src\startup_stm32f302x8.o
                0x08002830                RTC_Alarm_IRQHandler
                0x08002830                DebugMon_Handler
                0x08002830                TIM1_CC_IRQHandler
                0x08002830                USB_HP_IRQHandler
                0x08002830                SysTick_Handler
                0x08002830                PVD_IRQHandler
                0x08002830                TAMP_STAMP_IRQHandler
                0x08002830                PendSV_Handler
                0x08002830                NMI_Handler
                0x08002830                EXTI3_IRQHandler
                0x08002830                I2C3_ER_IRQHandler
                0x08002830                USB_HP_CAN_TX_IRQHandler
                0x08002830                EXTI0_IRQHandler
                0x08002830                I2C2_EV_IRQHandler
                0x08002830                FPU_IRQHandler
                0x08002830                TIM1_UP_TIM16_IRQHandler
                0x08002830                CAN_SCE_IRQHandler
                0x08002830                DMA1_Channel4_IRQHandler
                0x08002830                ADC1_IRQHandler
                0x08002830                USART3_IRQHandler
                0x08002830                CAN_RX1_IRQHandler
                0x08002830                I2C1_EV_IRQHandler
                0x08002830                DMA1_Channel6_IRQHandler
                0x08002830                RCC_IRQHandler
                0x08002830                DMA1_Channel1_IRQHandler
                0x08002830                Default_Handler
                0x08002830                USBWakeUp_RMP_IRQHandler
                0x08002830                EXTI15_10_IRQHandler
                0x08002830                COMP2_IRQHandler
                0x08002830                I2C3_EV_IRQHandler
                0x08002830                EXTI9_5_IRQHandler
                0x08002830                RTC_WKUP_IRQHandler
                0x08002830                SPI2_IRQHandler
                0x08002830                MemManage_Handler
                0x08002830                SVC_Handler
                0x08002830                DMA1_Channel5_IRQHandler
                0x08002830                USB_LP_IRQHandler
                0x08002830                EXTI4_IRQHandler
                0x08002830                TIM1_TRG_COM_TIM17_IRQHandler
                0x08002830                DMA1_Channel3_IRQHandler
                0x08002830                TIM2_IRQHandler
                0x08002830                EXTI1_IRQHandler
                0x08002830                COMP4_6_IRQHandler
                0x08002830                I2C2_ER_IRQHandler
                0x08002830                DMA1_Channel2_IRQHandler
                0x08002830                FLASH_IRQHandler
                0x08002830                BusFault_Handler
                0x08002830                USART1_IRQHandler
                0x08002830                SPI3_IRQHandler
                0x08002830                I2C1_ER_IRQHandler
                0x08002830                USBWakeUp_IRQHandler
                0x08002830                EXTI2_TSC_IRQHandler
                0x08002830                TIM1_BRK_TIM15_IRQHandler
 *fill*         0x08002832        0x2 
 .text.SystemInit
                0x08002834       0x94 src\system_stm32f30x.o
                0x08002834                SystemInit
 .text.SystemCoreClockUpdate
                0x080028c8       0xd8 src\system_stm32f30x.o
                0x080028c8                SystemCoreClockUpdate
 .text.SetSysClock
                0x080029a0       0xe4 src\system_stm32f30x.o
 .text.timerInit
                0x08002a84       0x78 src\timer.o
                0x08002a84                timerInit
 .text.__libc_init_array
                0x08002afc       0x48 c:/program files (x86)/atollic/truestudio for arm 8.0.0/armtools/bin/../lib/gcc/arm-atollic-eabi/6.3.1/../../../../arm-atollic-eabi/lib/armv7e-m/fpu\libc_nano.a(lib_a-init.o)
                0x08002afc                __libc_init_array
 .text.memset   0x08002b44       0x10 c:/program files (x86)/atollic/truestudio for arm 8.0.0/armtools/bin/../lib/gcc/arm-atollic-eabi/6.3.1/../../../../arm-atollic-eabi/lib/armv7e-m/fpu\libc_nano.a(lib_a-memset.o)
                0x08002b44                memset
 *(.glue_7)
 .glue_7        0x08002b54        0x0 linker stubs
 *(.glue_7t)
 .glue_7t       0x08002b54        0x0 linker stubs
 *(.eh_frame)
 .eh_frame      0x08002b54        0x0 c:/program files (x86)/atollic/truestudio for arm 8.0.0/armtools/bin/../lib/gcc/arm-atollic-eabi/6.3.1/armv7e-m/fpu/crtbegin.o
 *(.init)
 .init          0x08002b54        0x4 c:/program files (x86)/atollic/truestudio for arm 8.0.0/armtools/bin/../lib/gcc/arm-atollic-eabi/6.3.1/armv7e-m/fpu/crti.o
                0x08002b54                _init
 .init          0x08002b58        0x8 c:/program files (x86)/atollic/truestudio for arm 8.0.0/armtools/bin/../lib/gcc/arm-atollic-eabi/6.3.1/armv7e-m/fpu/crtn.o
 *(.fini)
 .fini          0x08002b60        0x4 c:/program files (x86)/atollic/truestudio for arm 8.0.0/armtools/bin/../lib/gcc/arm-atollic-eabi/6.3.1/armv7e-m/fpu/crti.o
                0x08002b60                _fini
 .fini          0x08002b64        0x8 c:/program files (x86)/atollic/truestudio for arm 8.0.0/armtools/bin/../lib/gcc/arm-atollic-eabi/6.3.1/armv7e-m/fpu/crtn.o
                0x08002b6c                . = ALIGN (0x4)
                0x08002b6c                _etext = .

.vfp11_veneer   0x08002b6c        0x0
 .vfp11_veneer  0x08002b6c        0x0 linker stubs

.v4_bx          0x08002b6c        0x0
 .v4_bx         0x08002b6c        0x0 linker stubs

.iplt           0x08002b6c        0x0
 .iplt          0x08002b6c        0x0 c:/program files (x86)/atollic/truestudio for arm 8.0.0/armtools/bin/../lib/gcc/arm-atollic-eabi/6.3.1/armv7e-m/fpu/crtbegin.o

.rel.dyn        0x08002b6c        0x0
 .rel.iplt      0x08002b6c        0x0 c:/program files (x86)/atollic/truestudio for arm 8.0.0/armtools/bin/../lib/gcc/arm-atollic-eabi/6.3.1/armv7e-m/fpu/crtbegin.o

.rodata         0x08002b6c        0x0
                0x08002b6c                . = ALIGN (0x4)
 *(.rodata)
 *(.rodata*)
                0x08002b6c                . = ALIGN (0x4)

.ARM.extab
 *(.ARM.extab* .gnu.linkonce.armextab.*)

.ARM            0x08002b6c        0x0
                0x08002b6c                __exidx_start = .
 *(.ARM.exidx*)
                0x08002b6c                __exidx_end = .

.preinit_array  0x08002b6c        0x0
                0x08002b6c                PROVIDE (__preinit_array_start, .)
 *(.preinit_array*)
                0x08002b6c                PROVIDE (__preinit_array_end, .)

.init_array     0x08002b6c        0x4
                0x08002b6c                PROVIDE (__init_array_start, .)
 *(SORT(.init_array.*))
 *(.init_array*)
 .init_array    0x08002b6c        0x4 c:/program files (x86)/atollic/truestudio for arm 8.0.0/armtools/bin/../lib/gcc/arm-atollic-eabi/6.3.1/armv7e-m/fpu/crtbegin.o
                0x08002b70                PROVIDE (__init_array_end, .)

.fini_array     0x08002b70        0x4
                [!provide]                PROVIDE (__fini_array_start, .)
 *(SORT(.fini_array.*))
 *(.fini_array*)
 .fini_array    0x08002b70        0x4 c:/program files (x86)/atollic/truestudio for arm 8.0.0/armtools/bin/../lib/gcc/arm-atollic-eabi/6.3.1/armv7e-m/fpu/crtbegin.o
                [!provide]                PROVIDE (__fini_array_end, .)
                0x08002b74                _sidata = LOADADDR (.data)

.data           0x20000000       0x44 load address 0x08002b74
                0x20000000                . = ALIGN (0x4)
                0x20000000                _sdata = .
 *(.data)
 *(.data*)
 .data.APBAHBPrescTable
                0x20000000       0x10 Drivers\STM32F3xx_HAL_Driver\src\stm32f30x_rcc.o
 .data.ADCPrescTable
                0x20000010       0x20 Drivers\STM32F3xx_HAL_Driver\src\stm32f30x_rcc.o
 .data.SystemCoreClock
                0x20000030        0x4 src\system_stm32f30x.o
                0x20000030                SystemCoreClock
 .data.AHBPrescTable
                0x20000034       0x10 src\system_stm32f30x.o
                0x20000034                AHBPrescTable
                0x20000044                . = ALIGN (0x4)
                0x20000044                _edata = .
                0x08002bb8                _siccmram = LOADADDR (.ccmram)

.igot.plt       0x20000044        0x0 load address 0x08002bb8
 .igot.plt      0x20000044        0x0 c:/program files (x86)/atollic/truestudio for arm 8.0.0/armtools/bin/../lib/gcc/arm-atollic-eabi/6.3.1/armv7e-m/fpu/crtbegin.o

.ccmram         0x10000000        0x0 load address 0x08002bb8
                0x10000000                . = ALIGN (0x4)
                0x10000000                _sccmram = .
 *(.ccmram)
 *(.ccmram*)
                0x10000000                . = ALIGN (0x4)
                0x10000000                _eccmram = .
                0x10000000                . = ALIGN (0x4)

.bss            0x20000044      0x5e4
                0x20000044                _sbss = .
                0x20000044                __bss_start__ = _sbss
 *(.bss)
 .bss           0x20000044       0x1c c:/program files (x86)/atollic/truestudio for arm 8.0.0/armtools/bin/../lib/gcc/arm-atollic-eabi/6.3.1/armv7e-m/fpu/crtbegin.o
 *(.bss*)
 *(COMMON)
 COMMON         0x20000060       0xf0 src\CAN.o
                0x20000060                GlobalTxMessage
                0x20000074                nodeID
                0x20000078                canMessageBuffer
                0x20000148                canID
                0x2000014c                RxMessage
 COMMON         0x20000150       0x14 src\ServerLifter.o
                0x20000150                serverLifter
 COMMON         0x20000164       0x7c src\digipot.o
                0x20000164                POT4_SYNC
                0x2000016c                POT2_RDY
                0x20000174                POT6_INDEP
                0x2000017c                PWR_CTRL
                0x20000184                POT6_SYNC
                0x2000018c                POT5_INDEP
                0x20000194                POT4_INDEP
                0x2000019c                POT1_RDY
                0x200001a4                POT3_RDY
                0x200001ac                digipotCmd
                0x200001b8                SPI2_RESET
                0x200001c0                POT1_SYNC
                0x200001c8                POT3_SYNC
                0x200001d0                POT2_SYNC
                0x200001d8                POT5_SYNC
 COMMON         0x200001e0       0x18 src\encoder.o
                0x200001e0                driveMotor
 COMMON         0x200001f8      0x428 src\serial.o
                0x200001f8                cs32B
                0x200001fc                serialPort2
                0x2000061c                cs32A
 COMMON         0x20000620        0x8 src\timer.o
                0x20000620                timerData
                0x20000628                . = ALIGN (0x4)
                0x20000628                _ebss = .
                0x20000628                __bss_end__ = _ebss

._user_heap_stack
                0x20000628       0x80
                0x20000628                . = ALIGN (0x4)
                0x20000628                PROVIDE (end, .)
                [!provide]                PROVIDE (_end, .)
                0x20000628                . = (. + _Min_Heap_Size)
                0x200006a8                . = (. + _Min_Stack_Size)
 *fill*         0x20000628       0x80 
                0x200006a8                . = ALIGN (0x4)

.memory_b1_text
 *(.mb1text)
 *(.mb1text*)
 *(.mb1rodata)
 *(.mb1rodata*)

/DISCARD/
 libc.a(*)
 libm.a(*)
 libgcc.a(*)

.ARM.attributes
                0x00000000       0x30
 *(.ARM.attributes)
 .ARM.attributes
                0x00000000       0x22 c:/program files (x86)/atollic/truestudio for arm 8.0.0/armtools/bin/../lib/gcc/arm-atollic-eabi/6.3.1/armv7e-m/fpu/crti.o
 .ARM.attributes
                0x00000022       0x34 c:/program files (x86)/atollic/truestudio for arm 8.0.0/armtools/bin/../lib/gcc/arm-atollic-eabi/6.3.1/armv7e-m/fpu/crtbegin.o
 .ARM.attributes
                0x00000056       0x39 Drivers\STM32F3xx_HAL_Driver\src\stm32f30x_can.o
 .ARM.attributes
                0x0000008f       0x39 Drivers\STM32F3xx_HAL_Driver\src\stm32f30x_dma.o
 .ARM.attributes
                0x000000c8       0x39 Drivers\STM32F3xx_HAL_Driver\src\stm32f30x_gpio.o
 .ARM.attributes
                0x00000101       0x39 Drivers\STM32F3xx_HAL_Driver\src\stm32f30x_misc.o
 .ARM.attributes
                0x0000013a       0x39 Drivers\STM32F3xx_HAL_Driver\src\stm32f30x_rcc.o
 .ARM.attributes
                0x00000173       0x39 Drivers\STM32F3xx_HAL_Driver\src\stm32f30x_spi.o
 .ARM.attributes
                0x000001ac       0x39 Drivers\STM32F3xx_HAL_Driver\src\stm32f30x_tim.o
 .ARM.attributes
                0x000001e5       0x39 Drivers\STM32F3xx_HAL_Driver\src\stm32f30x_usart.o
 .ARM.attributes
                0x0000021e       0x39 src\CAN.o
 .ARM.attributes
                0x00000257       0x39 src\GPIOs.o
 .ARM.attributes
                0x00000290       0x39 src\HMIComm.o
 .ARM.attributes
                0x000002c9       0x39 src\ServerLifter.o
 .ARM.attributes
                0x00000302       0x39 src\digipot.o
 .ARM.attributes
                0x0000033b       0x39 src\encoder.o
 .ARM.attributes
                0x00000374       0x39 src\main.o
 .ARM.attributes
                0x000003ad       0x39 src\serial.o
 .ARM.attributes
                0x000003e6       0x39 src\spi.o
 .ARM.attributes
                0x0000041f       0x21 src\startup_stm32f302x8.o
 .ARM.attributes
                0x00000440       0x39 src\system_stm32f30x.o
 .ARM.attributes
                0x00000479       0x39 src\timer.o
 .ARM.attributes
                0x000004b2       0x34 c:/program files (x86)/atollic/truestudio for arm 8.0.0/armtools/bin/../lib/gcc/arm-atollic-eabi/6.3.1/../../../../arm-atollic-eabi/lib/armv7e-m/fpu\libc_nano.a(lib_a-init.o)
 .ARM.attributes
                0x000004e6       0x34 c:/program files (x86)/atollic/truestudio for arm 8.0.0/armtools/bin/../lib/gcc/arm-atollic-eabi/6.3.1/../../../../arm-atollic-eabi/lib/armv7e-m/fpu\libc_nano.a(lib_a-memset.o)
 .ARM.attributes
                0x0000051a       0x22 c:/program files (x86)/atollic/truestudio for arm 8.0.0/armtools/bin/../lib/gcc/arm-atollic-eabi/6.3.1/armv7e-m/fpu/crtn.o
OUTPUT(aicMOBv1.elf elf32-littlearm)

.debug_info     0x00000000     0xeae3
 .debug_info    0x00000000      0xbaf Drivers\STM32F3xx_HAL_Driver\src\stm32f30x_can.o
 .debug_info    0x00000baf      0x486 Drivers\STM32F3xx_HAL_Driver\src\stm32f30x_dma.o
 .debug_info    0x00001035      0x62f Drivers\STM32F3xx_HAL_Driver\src\stm32f30x_gpio.o
 .debug_info    0x00001664      0x54d Drivers\STM32F3xx_HAL_Driver\src\stm32f30x_misc.o
 .debug_info    0x00001bb1      0xb7f Drivers\STM32F3xx_HAL_Driver\src\stm32f30x_rcc.o
 .debug_info    0x00002730      0xbe5 Drivers\STM32F3xx_HAL_Driver\src\stm32f30x_spi.o
 .debug_info    0x00003315     0x2197 Drivers\STM32F3xx_HAL_Driver\src\stm32f30x_tim.o
 .debug_info    0x000054ac      0xf2f Drivers\STM32F3xx_HAL_Driver\src\stm32f30x_usart.o
 .debug_info    0x000063db      0xb7b src\CAN.o
 .debug_info    0x00006f56      0xc3b src\GPIOs.o
 .debug_info    0x00007b91      0xa12 src\HMIComm.o
 .debug_info    0x000085a3     0x12ee src\ServerLifter.o
 .debug_info    0x00009891      0xddf src\digipot.o
 .debug_info    0x0000a670     0x1149 src\encoder.o
 .debug_info    0x0000b7b9     0x12d0 src\main.o
 .debug_info    0x0000ca89     0x1248 src\serial.o
 .debug_info    0x0000dcd1      0x53a src\spi.o
 .debug_info    0x0000e20b       0x93 src\startup_stm32f302x8.o
 .debug_info    0x0000e29e      0x4c6 src\system_stm32f30x.o
 .debug_info    0x0000e764      0x37f src\timer.o

.debug_abbrev   0x00000000     0x21b8
 .debug_abbrev  0x00000000      0x206 Drivers\STM32F3xx_HAL_Driver\src\stm32f30x_can.o
 .debug_abbrev  0x00000206      0x182 Drivers\STM32F3xx_HAL_Driver\src\stm32f30x_dma.o
 .debug_abbrev  0x00000388      0x1b8 Drivers\STM32F3xx_HAL_Driver\src\stm32f30x_gpio.o
 .debug_abbrev  0x00000540      0x172 Drivers\STM32F3xx_HAL_Driver\src\stm32f30x_misc.o
 .debug_abbrev  0x000006b2      0x1f8 Drivers\STM32F3xx_HAL_Driver\src\stm32f30x_rcc.o
 .debug_abbrev  0x000008aa      0x19c Drivers\STM32F3xx_HAL_Driver\src\stm32f30x_spi.o
 .debug_abbrev  0x00000a46      0x19a Drivers\STM32F3xx_HAL_Driver\src\stm32f30x_tim.o
 .debug_abbrev  0x00000be0      0x182 Drivers\STM32F3xx_HAL_Driver\src\stm32f30x_usart.o
 .debug_abbrev  0x00000d62      0x1f3 src\CAN.o
 .debug_abbrev  0x00000f55      0x1fe src\GPIOs.o
 .debug_abbrev  0x00001153      0x1c4 src\HMIComm.o
 .debug_abbrev  0x00001317      0x1f8 src\ServerLifter.o
 .debug_abbrev  0x0000150f      0x200 src\digipot.o
 .debug_abbrev  0x0000170f      0x232 src\encoder.o
 .debug_abbrev  0x00001941      0x1d3 src\main.o
 .debug_abbrev  0x00001b14      0x286 src\serial.o
 .debug_abbrev  0x00001d9a      0x189 src\spi.o
 .debug_abbrev  0x00001f23       0x12 src\startup_stm32f302x8.o
 .debug_abbrev  0x00001f35      0x167 src\system_stm32f30x.o
 .debug_abbrev  0x0000209c      0x11c src\timer.o

.debug_aranges  0x00000000      0xc58
 .debug_aranges
                0x00000000       0xe0 Drivers\STM32F3xx_HAL_Driver\src\stm32f30x_can.o
 .debug_aranges
                0x000000e0       0x70 Drivers\STM32F3xx_HAL_Driver\src\stm32f30x_dma.o
 .debug_aranges
                0x00000150       0x80 Drivers\STM32F3xx_HAL_Driver\src\stm32f30x_gpio.o
 .debug_aranges
                0x000001d0       0x40 Drivers\STM32F3xx_HAL_Driver\src\stm32f30x_misc.o
 .debug_aranges
                0x00000210      0x158 Drivers\STM32F3xx_HAL_Driver\src\stm32f30x_rcc.o
 .debug_aranges
                0x00000368      0x118 Drivers\STM32F3xx_HAL_Driver\src\stm32f30x_spi.o
 .debug_aranges
                0x00000480      0x3a8 Drivers\STM32F3xx_HAL_Driver\src\stm32f30x_tim.o
 .debug_aranges
                0x00000828      0x1a0 Drivers\STM32F3xx_HAL_Driver\src\stm32f30x_usart.o
 .debug_aranges
                0x000009c8       0x38 src\CAN.o
 .debug_aranges
                0x00000a00       0x30 src\GPIOs.o
 .debug_aranges
                0x00000a30       0x28 src\HMIComm.o
 .debug_aranges
                0x00000a58       0x30 src\ServerLifter.o
 .debug_aranges
                0x00000a88       0x48 src\digipot.o
 .debug_aranges
                0x00000ad0       0x38 src\encoder.o
 .debug_aranges
                0x00000b08       0x38 src\main.o
 .debug_aranges
                0x00000b40       0x68 src\serial.o
 .debug_aranges
                0x00000ba8       0x30 src\spi.o
 .debug_aranges
                0x00000bd8       0x28 src\startup_stm32f302x8.o
 .debug_aranges
                0x00000c00       0x30 src\system_stm32f30x.o
 .debug_aranges
                0x00000c30       0x28 src\timer.o

.debug_ranges   0x00000000      0xb20
 .debug_ranges  0x00000000       0xd0 Drivers\STM32F3xx_HAL_Driver\src\stm32f30x_can.o
 .debug_ranges  0x000000d0       0x60 Drivers\STM32F3xx_HAL_Driver\src\stm32f30x_dma.o
 .debug_ranges  0x00000130       0x70 Drivers\STM32F3xx_HAL_Driver\src\stm32f30x_gpio.o
 .debug_ranges  0x000001a0       0x30 Drivers\STM32F3xx_HAL_Driver\src\stm32f30x_misc.o
 .debug_ranges  0x000001d0      0x148 Drivers\STM32F3xx_HAL_Driver\src\stm32f30x_rcc.o
 .debug_ranges  0x00000318      0x108 Drivers\STM32F3xx_HAL_Driver\src\stm32f30x_spi.o
 .debug_ranges  0x00000420      0x398 Drivers\STM32F3xx_HAL_Driver\src\stm32f30x_tim.o
 .debug_ranges  0x000007b8      0x190 Drivers\STM32F3xx_HAL_Driver\src\stm32f30x_usart.o
 .debug_ranges  0x00000948       0x28 src\CAN.o
 .debug_ranges  0x00000970       0x20 src\GPIOs.o
 .debug_ranges  0x00000990       0x18 src\HMIComm.o
 .debug_ranges  0x000009a8       0x20 src\ServerLifter.o
 .debug_ranges  0x000009c8       0x38 src\digipot.o
 .debug_ranges  0x00000a00       0x28 src\encoder.o
 .debug_ranges  0x00000a28       0x28 src\main.o
 .debug_ranges  0x00000a50       0x58 src\serial.o
 .debug_ranges  0x00000aa8       0x20 src\spi.o
 .debug_ranges  0x00000ac8       0x20 src\startup_stm32f302x8.o
 .debug_ranges  0x00000ae8       0x20 src\system_stm32f30x.o
 .debug_ranges  0x00000b08       0x18 src\timer.o

.debug_line     0x00000000     0x5037
 .debug_line    0x00000000      0x565 Drivers\STM32F3xx_HAL_Driver\src\stm32f30x_can.o
 .debug_line    0x00000565      0x339 Drivers\STM32F3xx_HAL_Driver\src\stm32f30x_dma.o
 .debug_line    0x0000089e      0x34f Drivers\STM32F3xx_HAL_Driver\src\stm32f30x_gpio.o
 .debug_line    0x00000bed      0x258 Drivers\STM32F3xx_HAL_Driver\src\stm32f30x_misc.o
 .debug_line    0x00000e45      0x61a Drivers\STM32F3xx_HAL_Driver\src\stm32f30x_rcc.o
 .debug_line    0x0000145f      0x50e Drivers\STM32F3xx_HAL_Driver\src\stm32f30x_spi.o
 .debug_line    0x0000196d      0xcc2 Drivers\STM32F3xx_HAL_Driver\src\stm32f30x_tim.o
 .debug_line    0x0000262f      0x63e Drivers\STM32F3xx_HAL_Driver\src\stm32f30x_usart.o
 .debug_line    0x00002c6d      0x2a6 src\CAN.o
 .debug_line    0x00002f13      0x31d src\GPIOs.o
 .debug_line    0x00003230      0x24a src\HMIComm.o
 .debug_line    0x0000347a      0x371 src\ServerLifter.o
 .debug_line    0x000037eb      0x628 src\digipot.o
 .debug_line    0x00003e13      0x372 src\encoder.o
 .debug_line    0x00004185      0x379 src\main.o
 .debug_line    0x000044fe      0x446 src\serial.o
 .debug_line    0x00004944      0x261 src\spi.o
 .debug_line    0x00004ba5       0x7b src\startup_stm32f302x8.o
 .debug_line    0x00004c20      0x21a src\system_stm32f30x.o
 .debug_line    0x00004e3a      0x1fd src\timer.o

.debug_str      0x00000000     0x3d6c
 .debug_str     0x00000000      0x72a Drivers\STM32F3xx_HAL_Driver\src\stm32f30x_can.o
                                0x7d6 (size before relaxing)
 .debug_str     0x0000072a      0x216 Drivers\STM32F3xx_HAL_Driver\src\stm32f30x_dma.o
                                0x45f (size before relaxing)
 .debug_str     0x00000940      0x2f1 Drivers\STM32F3xx_HAL_Driver\src\stm32f30x_gpio.o
                                0x548 (size before relaxing)
 .debug_str     0x00000c31      0x216 Drivers\STM32F3xx_HAL_Driver\src\stm32f30x_misc.o
                                0x470 (size before relaxing)
 .debug_str     0x00000e47      0x6c4 Drivers\STM32F3xx_HAL_Driver\src\stm32f30x_rcc.o
                                0x95e (size before relaxing)
 .debug_str     0x0000150b      0x493 Drivers\STM32F3xx_HAL_Driver\src\stm32f30x_spi.o
                                0x8ff (size before relaxing)
 .debug_str     0x0000199e      0xd4f Drivers\STM32F3xx_HAL_Driver\src\stm32f30x_tim.o
                               0x1019 (size before relaxing)
 .debug_str     0x000026ed      0x6d9 Drivers\STM32F3xx_HAL_Driver\src\stm32f30x_usart.o
                                0xb37 (size before relaxing)
 .debug_str     0x00002dc6      0x50c src\CAN.o
                                0xb88 (size before relaxing)
 .debug_str     0x000032d2      0x4c8 src\GPIOs.o
                                0x8b7 (size before relaxing)
 .debug_str     0x0000379a       0x63 src\HMIComm.o
                                0x6e1 (size before relaxing)
 .debug_str     0x000037fd      0x25e src\ServerLifter.o
                                0xb82 (size before relaxing)
 .debug_str     0x00003a5b       0x65 src\digipot.o
                                0x855 (size before relaxing)
 .debug_str     0x00003ac0       0x7c src\encoder.o
                                0xef4 (size before relaxing)
 .debug_str     0x00003b3c       0x48 src\main.o
                                0xb76 (size before relaxing)
 .debug_str     0x00003b84       0xeb src\serial.o
                                0xeca (size before relaxing)
 .debug_str     0x00003c6f       0x64 src\spi.o
                                0x51e (size before relaxing)
 .debug_str     0x00003cd3       0x6b src\system_stm32f30x.o
                                0x37d (size before relaxing)
 .debug_str     0x00003d3e       0x2e src\timer.o
                                0x37e (size before relaxing)

.comment        0x00000000       0x7c
 .comment       0x00000000       0x7c Drivers\STM32F3xx_HAL_Driver\src\stm32f30x_can.o
                                 0x7d (size before relaxing)
 .comment       0x0000007c       0x7d Drivers\STM32F3xx_HAL_Driver\src\stm32f30x_dma.o
 .comment       0x0000007c       0x7d Drivers\STM32F3xx_HAL_Driver\src\stm32f30x_gpio.o
 .comment       0x0000007c       0x7d Drivers\STM32F3xx_HAL_Driver\src\stm32f30x_misc.o
 .comment       0x0000007c       0x7d Drivers\STM32F3xx_HAL_Driver\src\stm32f30x_rcc.o
 .comment       0x0000007c       0x7d Drivers\STM32F3xx_HAL_Driver\src\stm32f30x_spi.o
 .comment       0x0000007c       0x7d Drivers\STM32F3xx_HAL_Driver\src\stm32f30x_tim.o
 .comment       0x0000007c       0x7d Drivers\STM32F3xx_HAL_Driver\src\stm32f30x_usart.o
 .comment       0x0000007c       0x7d src\CAN.o
 .comment       0x0000007c       0x7d src\GPIOs.o
 .comment       0x0000007c       0x7d src\HMIComm.o
 .comment       0x0000007c       0x7d src\ServerLifter.o
 .comment       0x0000007c       0x7d src\digipot.o
 .comment       0x0000007c       0x7d src\encoder.o
 .comment       0x0000007c       0x7d src\main.o
 .comment       0x0000007c       0x7d src\serial.o
 .comment       0x0000007c       0x7d src\spi.o
 .comment       0x0000007c       0x7d src\system_stm32f30x.o
 .comment       0x0000007c       0x7d src\timer.o

.debug_frame    0x00000000     0x3440
 .debug_frame   0x00000000      0x3f0 Drivers\STM32F3xx_HAL_Driver\src\stm32f30x_can.o
 .debug_frame   0x000003f0      0x1c8 Drivers\STM32F3xx_HAL_Driver\src\stm32f30x_dma.o
 .debug_frame   0x000005b8      0x214 Drivers\STM32F3xx_HAL_Driver\src\stm32f30x_gpio.o
 .debug_frame   0x000007cc       0xd8 Drivers\STM32F3xx_HAL_Driver\src\stm32f30x_misc.o
 .debug_frame   0x000008a4      0x634 Drivers\STM32F3xx_HAL_Driver\src\stm32f30x_rcc.o
 .debug_frame   0x00000ed8      0x50c Drivers\STM32F3xx_HAL_Driver\src\stm32f30x_spi.o
 .debug_frame   0x000013e4     0x11c4 Drivers\STM32F3xx_HAL_Driver\src\stm32f30x_tim.o
 .debug_frame   0x000025a8      0x7b0 Drivers\STM32F3xx_HAL_Driver\src\stm32f30x_usart.o
 .debug_frame   0x00002d58       0x98 src\CAN.o
 .debug_frame   0x00002df0       0x78 src\GPIOs.o
 .debug_frame   0x00002e68       0x50 src\HMIComm.o
 .debug_frame   0x00002eb8       0x6c src\ServerLifter.o
 .debug_frame   0x00002f24       0xe8 src\digipot.o
 .debug_frame   0x0000300c       0x9c src\encoder.o
 .debug_frame   0x000030a8       0x74 src\main.o
 .debug_frame   0x0000311c      0x184 src\serial.o
 .debug_frame   0x000032a0       0x7c src\spi.o
 .debug_frame   0x0000331c       0x7c src\system_stm32f30x.o
 .debug_frame   0x00003398       0x5c src\timer.o
 .debug_frame   0x000033f4       0x2c c:/program files (x86)/atollic/truestudio for arm 8.0.0/armtools/bin/../lib/gcc/arm-atollic-eabi/6.3.1/../../../../arm-atollic-eabi/lib/armv7e-m/fpu\libc_nano.a(lib_a-init.o)
 .debug_frame   0x00003420       0x20 c:/program files (x86)/atollic/truestudio for arm 8.0.0/armtools/bin/../lib/gcc/arm-atollic-eabi/6.3.1/../../../../arm-atollic-eabi/lib/armv7e-m/fpu\libc_nano.a(lib_a-memset.o)

Cross Reference Table

Symbol                                            File
ADC1_IRQHandler                                   src\startup_stm32f302x8.o
ADC_AnalogWatchdog1SingleChannelConfig            Drivers\STM32F3xx_HAL_Driver\src\stm32f30x_adc.o
ADC_AnalogWatchdog1ThresholdsConfig               Drivers\STM32F3xx_HAL_Driver\src\stm32f30x_adc.o
ADC_AnalogWatchdog2SingleChannelConfig            Drivers\STM32F3xx_HAL_Driver\src\stm32f30x_adc.o
ADC_AnalogWatchdog2ThresholdsConfig               Drivers\STM32F3xx_HAL_Driver\src\stm32f30x_adc.o
ADC_AnalogWatchdog3SingleChannelConfig            Drivers\STM32F3xx_HAL_Driver\src\stm32f30x_adc.o
ADC_AnalogWatchdog3ThresholdsConfig               Drivers\STM32F3xx_HAL_Driver\src\stm32f30x_adc.o
ADC_AnalogWatchdogCmd                             Drivers\STM32F3xx_HAL_Driver\src\stm32f30x_adc.o
ADC_AutoDelayCmd                                  Drivers\STM32F3xx_HAL_Driver\src\stm32f30x_adc.o
ADC_AutoInjectedConvCmd                           Drivers\STM32F3xx_HAL_Driver\src\stm32f30x_adc.o
ADC_ChannelOffset1Cmd                             Drivers\STM32F3xx_HAL_Driver\src\stm32f30x_adc.o
ADC_ChannelOffset2Cmd                             Drivers\STM32F3xx_HAL_Driver\src\stm32f30x_adc.o
ADC_ChannelOffset3Cmd                             Drivers\STM32F3xx_HAL_Driver\src\stm32f30x_adc.o
ADC_ChannelOffset4Cmd                             Drivers\STM32F3xx_HAL_Driver\src\stm32f30x_adc.o
ADC_ClearCommonFlag                               Drivers\STM32F3xx_HAL_Driver\src\stm32f30x_adc.o
ADC_ClearFlag                                     Drivers\STM32F3xx_HAL_Driver\src\stm32f30x_adc.o
ADC_ClearITPendingBit                             Drivers\STM32F3xx_HAL_Driver\src\stm32f30x_adc.o
ADC_Cmd                                           Drivers\STM32F3xx_HAL_Driver\src\stm32f30x_adc.o
ADC_CommonInit                                    Drivers\STM32F3xx_HAL_Driver\src\stm32f30x_adc.o
ADC_CommonStructInit                              Drivers\STM32F3xx_HAL_Driver\src\stm32f30x_adc.o
ADC_DMACmd                                        Drivers\STM32F3xx_HAL_Driver\src\stm32f30x_adc.o
ADC_DMAConfig                                     Drivers\STM32F3xx_HAL_Driver\src\stm32f30x_adc.o
ADC_DeInit                                        Drivers\STM32F3xx_HAL_Driver\src\stm32f30x_adc.o
ADC_DisableCmd                                    Drivers\STM32F3xx_HAL_Driver\src\stm32f30x_adc.o
ADC_DiscModeChannelCountConfig                    Drivers\STM32F3xx_HAL_Driver\src\stm32f30x_adc.o
ADC_DiscModeCmd                                   Drivers\STM32F3xx_HAL_Driver\src\stm32f30x_adc.o
ADC_ExternalTriggerConfig                         Drivers\STM32F3xx_HAL_Driver\src\stm32f30x_adc.o
ADC_GetCalibrationStatus                          Drivers\STM32F3xx_HAL_Driver\src\stm32f30x_adc.o
ADC_GetCalibrationValue                           Drivers\STM32F3xx_HAL_Driver\src\stm32f30x_adc.o
ADC_GetCommonFlagStatus                           Drivers\STM32F3xx_HAL_Driver\src\stm32f30x_adc.o
ADC_GetConversionValue                            Drivers\STM32F3xx_HAL_Driver\src\stm32f30x_adc.o
ADC_GetDisableCmdStatus                           Drivers\STM32F3xx_HAL_Driver\src\stm32f30x_adc.o
ADC_GetDualModeConversionValue                    Drivers\STM32F3xx_HAL_Driver\src\stm32f30x_adc.o
ADC_GetFlagStatus                                 Drivers\STM32F3xx_HAL_Driver\src\stm32f30x_adc.o
ADC_GetITStatus                                   Drivers\STM32F3xx_HAL_Driver\src\stm32f30x_adc.o
ADC_GetInjectedConversionValue                    Drivers\STM32F3xx_HAL_Driver\src\stm32f30x_adc.o
ADC_GetStartConversionStatus                      Drivers\STM32F3xx_HAL_Driver\src\stm32f30x_adc.o
ADC_GetStartInjectedConversionStatus              Drivers\STM32F3xx_HAL_Driver\src\stm32f30x_adc.o
ADC_ITConfig                                      Drivers\STM32F3xx_HAL_Driver\src\stm32f30x_adc.o
ADC_Init                                          Drivers\STM32F3xx_HAL_Driver\src\stm32f30x_adc.o
ADC_InjectedChannelSampleTimeConfig               Drivers\STM32F3xx_HAL_Driver\src\stm32f30x_adc.o
ADC_InjectedDiscModeCmd                           Drivers\STM32F3xx_HAL_Driver\src\stm32f30x_adc.o
ADC_InjectedInit                                  Drivers\STM32F3xx_HAL_Driver\src\stm32f30x_adc.o
ADC_InjectedStructInit                            Drivers\STM32F3xx_HAL_Driver\src\stm32f30x_adc.o
ADC_RegularChannelConfig                          Drivers\STM32F3xx_HAL_Driver\src\stm32f30x_adc.o
ADC_RegularChannelSequencerLengthConfig           Drivers\STM32F3xx_HAL_Driver\src\stm32f30x_adc.o
ADC_SelectCalibrationMode                         Drivers\STM32F3xx_HAL_Driver\src\stm32f30x_adc.o
ADC_SelectDifferentialMode                        Drivers\STM32F3xx_HAL_Driver\src\stm32f30x_adc.o
ADC_SelectQueueOfContextMode                      Drivers\STM32F3xx_HAL_Driver\src\stm32f30x_adc.o
ADC_SetCalibrationValue                           Drivers\STM32F3xx_HAL_Driver\src\stm32f30x_adc.o
ADC_SetChannelOffset1                             Drivers\STM32F3xx_HAL_Driver\src\stm32f30x_adc.o
ADC_SetChannelOffset2                             Drivers\STM32F3xx_HAL_Driver\src\stm32f30x_adc.o
ADC_SetChannelOffset3                             Drivers\STM32F3xx_HAL_Driver\src\stm32f30x_adc.o
ADC_SetChannelOffset4                             Drivers\STM32F3xx_HAL_Driver\src\stm32f30x_adc.o
ADC_StartCalibration                              Drivers\STM32F3xx_HAL_Driver\src\stm32f30x_adc.o
ADC_StartConversion                               Drivers\STM32F3xx_HAL_Driver\src\stm32f30x_adc.o
ADC_StartInjectedConversion                       Drivers\STM32F3xx_HAL_Driver\src\stm32f30x_adc.o
ADC_StopConversion                                Drivers\STM32F3xx_HAL_Driver\src\stm32f30x_adc.o
ADC_StopInjectedConversion                        Drivers\STM32F3xx_HAL_Driver\src\stm32f30x_adc.o
ADC_StructInit                                    Drivers\STM32F3xx_HAL_Driver\src\stm32f30x_adc.o
ADC_TempSensorCmd                                 Drivers\STM32F3xx_HAL_Driver\src\stm32f30x_adc.o
ADC_VbatCmd                                       Drivers\STM32F3xx_HAL_Driver\src\stm32f30x_adc.o
ADC_VoltageRegulatorCmd                           Drivers\STM32F3xx_HAL_Driver\src\stm32f30x_adc.o
ADC_VrefintCmd                                    Drivers\STM32F3xx_HAL_Driver\src\stm32f30x_adc.o
AHBPrescTable                                     src\system_stm32f30x.o
BusFault_Handler                                  src\startup_stm32f302x8.o
CAN_CancelTransmit                                Drivers\STM32F3xx_HAL_Driver\src\stm32f30x_can.o
CAN_ClearFlag                                     Drivers\STM32F3xx_HAL_Driver\src\stm32f30x_can.o
CAN_ClearITPendingBit                             Drivers\STM32F3xx_HAL_Driver\src\stm32f30x_can.o
CAN_Config                                        src\CAN.o
CAN_DBGFreeze                                     Drivers\STM32F3xx_HAL_Driver\src\stm32f30x_can.o
                                                  src\CAN.o
CAN_DeInit                                        Drivers\STM32F3xx_HAL_Driver\src\stm32f30x_can.o
                                                  src\CAN.o
CAN_FIFORelease                                   Drivers\STM32F3xx_HAL_Driver\src\stm32f30x_can.o
CAN_FilterInit                                    Drivers\STM32F3xx_HAL_Driver\src\stm32f30x_can.o
                                                  src\CAN.o
CAN_GetFlagStatus                                 Drivers\STM32F3xx_HAL_Driver\src\stm32f30x_can.o
CAN_GetITStatus                                   Drivers\STM32F3xx_HAL_Driver\src\stm32f30x_can.o
CAN_GetLSBTransmitErrorCounter                    Drivers\STM32F3xx_HAL_Driver\src\stm32f30x_can.o
CAN_GetLastErrorCode                              Drivers\STM32F3xx_HAL_Driver\src\stm32f30x_can.o
CAN_GetReceiveErrorCounter                        Drivers\STM32F3xx_HAL_Driver\src\stm32f30x_can.o
CAN_ITConfig                                      Drivers\STM32F3xx_HAL_Driver\src\stm32f30x_can.o
                                                  src\CAN.o
CAN_Init                                          Drivers\STM32F3xx_HAL_Driver\src\stm32f30x_can.o
                                                  src\CAN.o
CAN_MessagePending                                Drivers\STM32F3xx_HAL_Driver\src\stm32f30x_can.o
CAN_OperatingModeRequest                          Drivers\STM32F3xx_HAL_Driver\src\stm32f30x_can.o
CAN_RX1_IRQHandler                                src\startup_stm32f302x8.o
CAN_Receive                                       Drivers\STM32F3xx_HAL_Driver\src\stm32f30x_can.o
                                                  src\CAN.o
CAN_SCE_IRQHandler                                src\startup_stm32f302x8.o
CAN_SlaveStartBank                                Drivers\STM32F3xx_HAL_Driver\src\stm32f30x_can.o
CAN_Sleep                                         Drivers\STM32F3xx_HAL_Driver\src\stm32f30x_can.o
CAN_StructInit                                    Drivers\STM32F3xx_HAL_Driver\src\stm32f30x_can.o
CAN_TTComModeCmd                                  Drivers\STM32F3xx_HAL_Driver\src\stm32f30x_can.o
CAN_Transmit                                      Drivers\STM32F3xx_HAL_Driver\src\stm32f30x_can.o
                                                  src\CAN.o
CAN_TransmitStatus                                Drivers\STM32F3xx_HAL_Driver\src\stm32f30x_can.o
CAN_WakeUp                                        Drivers\STM32F3xx_HAL_Driver\src\stm32f30x_can.o
COMP2_IRQHandler                                  src\startup_stm32f302x8.o
COMP4_6_IRQHandler                                src\startup_stm32f302x8.o
COMP_Cmd                                          Drivers\STM32F3xx_HAL_Driver\src\stm32f30x_comp.o
COMP_DeInit                                       Drivers\STM32F3xx_HAL_Driver\src\stm32f30x_comp.o
COMP_GetOutputLevel                               Drivers\STM32F3xx_HAL_Driver\src\stm32f30x_comp.o
COMP_Init                                         Drivers\STM32F3xx_HAL_Driver\src\stm32f30x_comp.o
COMP_LockConfig                                   Drivers\STM32F3xx_HAL_Driver\src\stm32f30x_comp.o
COMP_StructInit                                   Drivers\STM32F3xx_HAL_Driver\src\stm32f30x_comp.o
COMP_SwitchCmd                                    Drivers\STM32F3xx_HAL_Driver\src\stm32f30x_comp.o
COMP_WindowCmd                                    Drivers\STM32F3xx_HAL_Driver\src\stm32f30x_comp.o
CRC_CalcBlockCRC                                  Drivers\STM32F3xx_HAL_Driver\src\stm32f30x_crc.o
CRC_CalcCRC                                       Drivers\STM32F3xx_HAL_Driver\src\stm32f30x_crc.o
CRC_CalcCRC16bits                                 Drivers\STM32F3xx_HAL_Driver\src\stm32f30x_crc.o
CRC_CalcCRC8bits                                  Drivers\STM32F3xx_HAL_Driver\src\stm32f30x_crc.o
CRC_DeInit                                        Drivers\STM32F3xx_HAL_Driver\src\stm32f30x_crc.o
CRC_GetCRC                                        Drivers\STM32F3xx_HAL_Driver\src\stm32f30x_crc.o
CRC_GetIDRegister                                 Drivers\STM32F3xx_HAL_Driver\src\stm32f30x_crc.o
CRC_PolynomialSizeSelect                          Drivers\STM32F3xx_HAL_Driver\src\stm32f30x_crc.o
CRC_ResetDR                                       Drivers\STM32F3xx_HAL_Driver\src\stm32f30x_crc.o
CRC_ReverseInputDataSelect                        Drivers\STM32F3xx_HAL_Driver\src\stm32f30x_crc.o
CRC_ReverseOutputDataCmd                          Drivers\STM32F3xx_HAL_Driver\src\stm32f30x_crc.o
CRC_SetIDRegister                                 Drivers\STM32F3xx_HAL_Driver\src\stm32f30x_crc.o
CRC_SetInitRegister                               Drivers\STM32F3xx_HAL_Driver\src\stm32f30x_crc.o
CRC_SetPolynomial                                 Drivers\STM32F3xx_HAL_Driver\src\stm32f30x_crc.o
DAC_ClearFlag                                     Drivers\STM32F3xx_HAL_Driver\src\stm32f30x_dac.o
DAC_ClearITPendingBit                             Drivers\STM32F3xx_HAL_Driver\src\stm32f30x_dac.o
DAC_Cmd                                           Drivers\STM32F3xx_HAL_Driver\src\stm32f30x_dac.o
DAC_DMACmd                                        Drivers\STM32F3xx_HAL_Driver\src\stm32f30x_dac.o
DAC_DeInit                                        Drivers\STM32F3xx_HAL_Driver\src\stm32f30x_dac.o
DAC_DualSoftwareTriggerCmd                        Drivers\STM32F3xx_HAL_Driver\src\stm32f30x_dac.o
DAC_GetDataOutputValue                            Drivers\STM32F3xx_HAL_Driver\src\stm32f30x_dac.o
DAC_GetFlagStatus                                 Drivers\STM32F3xx_HAL_Driver\src\stm32f30x_dac.o
DAC_GetITStatus                                   Drivers\STM32F3xx_HAL_Driver\src\stm32f30x_dac.o
DAC_ITConfig                                      Drivers\STM32F3xx_HAL_Driver\src\stm32f30x_dac.o
DAC_Init                                          Drivers\STM32F3xx_HAL_Driver\src\stm32f30x_dac.o
DAC_SetChannel1Data                               Drivers\STM32F3xx_HAL_Driver\src\stm32f30x_dac.o
DAC_SetChannel2Data                               Drivers\STM32F3xx_HAL_Driver\src\stm32f30x_dac.o
DAC_SetDualChannelData                            Drivers\STM32F3xx_HAL_Driver\src\stm32f30x_dac.o
DAC_SoftwareTriggerCmd                            Drivers\STM32F3xx_HAL_Driver\src\stm32f30x_dac.o
DAC_StructInit                                    Drivers\STM32F3xx_HAL_Driver\src\stm32f30x_dac.o
DAC_WaveGenerationCmd                             Drivers\STM32F3xx_HAL_Driver\src\stm32f30x_dac.o
DBGMCU_APB1PeriphConfig                           Drivers\STM32F3xx_HAL_Driver\src\stm32f30x_dbgmcu.o
DBGMCU_APB2PeriphConfig                           Drivers\STM32F3xx_HAL_Driver\src\stm32f30x_dbgmcu.o
DBGMCU_Config                                     Drivers\STM32F3xx_HAL_Driver\src\stm32f30x_dbgmcu.o
DBGMCU_GetDEVID                                   Drivers\STM32F3xx_HAL_Driver\src\stm32f30x_dbgmcu.o
DBGMCU_GetREVID                                   Drivers\STM32F3xx_HAL_Driver\src\stm32f30x_dbgmcu.o
DMA1_Channel1_IRQHandler                          src\startup_stm32f302x8.o
DMA1_Channel2_IRQHandler                          src\startup_stm32f302x8.o
DMA1_Channel3_IRQHandler                          src\startup_stm32f302x8.o
DMA1_Channel4_IRQHandler                          src\startup_stm32f302x8.o
DMA1_Channel5_IRQHandler                          src\startup_stm32f302x8.o
DMA1_Channel6_IRQHandler                          src\startup_stm32f302x8.o
DMA1_Channel7_IRQHandler                          src\serial.o
DMA_ClearFlag                                     Drivers\STM32F3xx_HAL_Driver\src\stm32f30x_dma.o
                                                  src\serial.o
DMA_ClearITPendingBit                             Drivers\STM32F3xx_HAL_Driver\src\stm32f30x_dma.o
DMA_Cmd                                           Drivers\STM32F3xx_HAL_Driver\src\stm32f30x_dma.o
                                                  src\serial.o
DMA_DeInit                                        Drivers\STM32F3xx_HAL_Driver\src\stm32f30x_dma.o
                                                  src\serial.o
DMA_GetCurrDataCounter                            Drivers\STM32F3xx_HAL_Driver\src\stm32f30x_dma.o
                                                  src\serial.o
DMA_GetFlagStatus                                 Drivers\STM32F3xx_HAL_Driver\src\stm32f30x_dma.o
                                                  src\serial.o
DMA_GetITStatus                                   Drivers\STM32F3xx_HAL_Driver\src\stm32f30x_dma.o
DMA_ITConfig                                      Drivers\STM32F3xx_HAL_Driver\src\stm32f30x_dma.o
                                                  src\serial.o
DMA_Init                                          Drivers\STM32F3xx_HAL_Driver\src\stm32f30x_dma.o
                                                  src\serial.o
DMA_SetCurrDataCounter                            Drivers\STM32F3xx_HAL_Driver\src\stm32f30x_dma.o
                                                  src\serial.o
DMA_StructInit                                    Drivers\STM32F3xx_HAL_Driver\src\stm32f30x_dma.o
DebugMon_Handler                                  src\startup_stm32f302x8.o
Default_Handler                                   src\startup_stm32f302x8.o
EXTI0_IRQHandler                                  src\startup_stm32f302x8.o
EXTI15_10_IRQHandler                              src\startup_stm32f302x8.o
EXTI1_IRQHandler                                  src\startup_stm32f302x8.o
EXTI2_TSC_IRQHandler                              src\startup_stm32f302x8.o
EXTI3_IRQHandler                                  src\startup_stm32f302x8.o
EXTI4_IRQHandler                                  src\startup_stm32f302x8.o
EXTI9_5_IRQHandler                                src\startup_stm32f302x8.o
EXTI_ClearFlag                                    Drivers\STM32F3xx_HAL_Driver\src\stm32f30x_exti.o
EXTI_ClearITPendingBit                            Drivers\STM32F3xx_HAL_Driver\src\stm32f30x_exti.o
EXTI_DeInit                                       Drivers\STM32F3xx_HAL_Driver\src\stm32f30x_exti.o
EXTI_GenerateSWInterrupt                          Drivers\STM32F3xx_HAL_Driver\src\stm32f30x_exti.o
EXTI_GetFlagStatus                                Drivers\STM32F3xx_HAL_Driver\src\stm32f30x_exti.o
EXTI_GetITStatus                                  Drivers\STM32F3xx_HAL_Driver\src\stm32f30x_exti.o
EXTI_Init                                         Drivers\STM32F3xx_HAL_Driver\src\stm32f30x_exti.o
EXTI_StructInit                                   Drivers\STM32F3xx_HAL_Driver\src\stm32f30x_exti.o
FLASH_ClearFlag                                   Drivers\STM32F3xx_HAL_Driver\src\stm32f30x_flash.o
FLASH_EraseAllPages                               Drivers\STM32F3xx_HAL_Driver\src\stm32f30x_flash.o
FLASH_ErasePage                                   Drivers\STM32F3xx_HAL_Driver\src\stm32f30x_flash.o
FLASH_GetFlagStatus                               Drivers\STM32F3xx_HAL_Driver\src\stm32f30x_flash.o
FLASH_GetStatus                                   Drivers\STM32F3xx_HAL_Driver\src\stm32f30x_flash.o
FLASH_HalfCycleAccessCmd                          Drivers\STM32F3xx_HAL_Driver\src\stm32f30x_flash.o
FLASH_IRQHandler                                  src\startup_stm32f302x8.o
FLASH_ITConfig                                    Drivers\STM32F3xx_HAL_Driver\src\stm32f30x_flash.o
FLASH_Lock                                        Drivers\STM32F3xx_HAL_Driver\src\stm32f30x_flash.o
FLASH_OB_BOOTConfig                               Drivers\STM32F3xx_HAL_Driver\src\stm32f30x_flash.o
FLASH_OB_EnableWRP                                Drivers\STM32F3xx_HAL_Driver\src\stm32f30x_flash.o
FLASH_OB_Erase                                    Drivers\STM32F3xx_HAL_Driver\src\stm32f30x_flash.o
FLASH_OB_GetRDP                                   Drivers\STM32F3xx_HAL_Driver\src\stm32f30x_flash.o
FLASH_OB_GetUser                                  Drivers\STM32F3xx_HAL_Driver\src\stm32f30x_flash.o
FLASH_OB_GetWRP                                   Drivers\STM32F3xx_HAL_Driver\src\stm32f30x_flash.o
FLASH_OB_Launch                                   Drivers\STM32F3xx_HAL_Driver\src\stm32f30x_flash.o
FLASH_OB_Lock                                     Drivers\STM32F3xx_HAL_Driver\src\stm32f30x_flash.o
FLASH_OB_RDPConfig                                Drivers\STM32F3xx_HAL_Driver\src\stm32f30x_flash.o
FLASH_OB_SRAMParityConfig                         Drivers\STM32F3xx_HAL_Driver\src\stm32f30x_flash.o
FLASH_OB_Unlock                                   Drivers\STM32F3xx_HAL_Driver\src\stm32f30x_flash.o
FLASH_OB_UserConfig                               Drivers\STM32F3xx_HAL_Driver\src\stm32f30x_flash.o
FLASH_OB_VDDAConfig                               Drivers\STM32F3xx_HAL_Driver\src\stm32f30x_flash.o
FLASH_OB_WriteUser                                Drivers\STM32F3xx_HAL_Driver\src\stm32f30x_flash.o
FLASH_PrefetchBufferCmd                           Drivers\STM32F3xx_HAL_Driver\src\stm32f30x_flash.o
FLASH_ProgramHalfWord                             Drivers\STM32F3xx_HAL_Driver\src\stm32f30x_flash.o
FLASH_ProgramOptionByteData                       Drivers\STM32F3xx_HAL_Driver\src\stm32f30x_flash.o
FLASH_ProgramWord                                 Drivers\STM32F3xx_HAL_Driver\src\stm32f30x_flash.o
FLASH_SetLatency                                  Drivers\STM32F3xx_HAL_Driver\src\stm32f30x_flash.o
FLASH_Unlock                                      Drivers\STM32F3xx_HAL_Driver\src\stm32f30x_flash.o
FLASH_WaitForLastOperation                        Drivers\STM32F3xx_HAL_Driver\src\stm32f30x_flash.o
FMC_ClearFlag                                     Drivers\STM32F3xx_HAL_Driver\src\stm32f30x_fmc.o
FMC_ClearITPendingBit                             Drivers\STM32F3xx_HAL_Driver\src\stm32f30x_fmc.o
FMC_GetECC                                        Drivers\STM32F3xx_HAL_Driver\src\stm32f30x_fmc.o
FMC_GetFlagStatus                                 Drivers\STM32F3xx_HAL_Driver\src\stm32f30x_fmc.o
FMC_GetITStatus                                   Drivers\STM32F3xx_HAL_Driver\src\stm32f30x_fmc.o
FMC_ITConfig                                      Drivers\STM32F3xx_HAL_Driver\src\stm32f30x_fmc.o
FMC_NANDCmd                                       Drivers\STM32F3xx_HAL_Driver\src\stm32f30x_fmc.o
FMC_NANDDeInit                                    Drivers\STM32F3xx_HAL_Driver\src\stm32f30x_fmc.o
FMC_NANDECCCmd                                    Drivers\STM32F3xx_HAL_Driver\src\stm32f30x_fmc.o
FMC_NANDInit                                      Drivers\STM32F3xx_HAL_Driver\src\stm32f30x_fmc.o
FMC_NANDStructInit                                Drivers\STM32F3xx_HAL_Driver\src\stm32f30x_fmc.o
FMC_NORSRAMCmd                                    Drivers\STM32F3xx_HAL_Driver\src\stm32f30x_fmc.o
FMC_NORSRAMDeInit                                 Drivers\STM32F3xx_HAL_Driver\src\stm32f30x_fmc.o
FMC_NORSRAMInit                                   Drivers\STM32F3xx_HAL_Driver\src\stm32f30x_fmc.o
FMC_NORSRAMStructInit                             Drivers\STM32F3xx_HAL_Driver\src\stm32f30x_fmc.o
FMC_PCCARDCmd                                     Drivers\STM32F3xx_HAL_Driver\src\stm32f30x_fmc.o
FMC_PCCARDDeInit                                  Drivers\STM32F3xx_HAL_Driver\src\stm32f30x_fmc.o
FMC_PCCARDInit                                    Drivers\STM32F3xx_HAL_Driver\src\stm32f30x_fmc.o
FMC_PCCARDStructInit                              Drivers\STM32F3xx_HAL_Driver\src\stm32f30x_fmc.o
FPU_IRQHandler                                    src\startup_stm32f302x8.o
GPIO_DeInit                                       Drivers\STM32F3xx_HAL_Driver\src\stm32f30x_gpio.o
GPIO_Init                                         Drivers\STM32F3xx_HAL_Driver\src\stm32f30x_gpio.o
                                                  src\spi.o
                                                  src\serial.o
                                                  src\encoder.o
                                                  src\GPIOs.o
                                                  src\CAN.o
GPIO_PinAFConfig                                  Drivers\STM32F3xx_HAL_Driver\src\stm32f30x_gpio.o
                                                  src\spi.o
                                                  src\serial.o
                                                  src\encoder.o
                                                  src\CAN.o
GPIO_PinLockConfig                                Drivers\STM32F3xx_HAL_Driver\src\stm32f30x_gpio.o
GPIO_ReadInputData                                Drivers\STM32F3xx_HAL_Driver\src\stm32f30x_gpio.o
GPIO_ReadInputDataBit                             Drivers\STM32F3xx_HAL_Driver\src\stm32f30x_gpio.o
GPIO_ReadOutputData                               Drivers\STM32F3xx_HAL_Driver\src\stm32f30x_gpio.o
GPIO_ReadOutputDataBit                            Drivers\STM32F3xx_HAL_Driver\src\stm32f30x_gpio.o
GPIO_ResetBits                                    Drivers\STM32F3xx_HAL_Driver\src\stm32f30x_gpio.o
GPIO_SetBits                                      Drivers\STM32F3xx_HAL_Driver\src\stm32f30x_gpio.o
GPIO_StructInit                                   Drivers\STM32F3xx_HAL_Driver\src\stm32f30x_gpio.o
GPIO_Write                                        Drivers\STM32F3xx_HAL_Driver\src\stm32f30x_gpio.o
GPIO_WriteBit                                     Drivers\STM32F3xx_HAL_Driver\src\stm32f30x_gpio.o
GlobalTxMessage                                   src\CAN.o
HMICommInit                                       src\HMIComm.o
                                                  src\ServerLifter.o
HMIReceived                                       src\HMIComm.o
                                                  src\ServerLifter.o
HRTIM_ADCTriggerConfig                            Drivers\STM32F3xx_HAL_Driver\src\stm32f30x_hrtim.o
HRTIM_BurstDMAConfig                              Drivers\STM32F3xx_HAL_Driver\src\stm32f30x_hrtim.o
HRTIM_BurstModeConfig                             Drivers\STM32F3xx_HAL_Driver\src\stm32f30x_hrtim.o
HRTIM_BurstModeCtl                                Drivers\STM32F3xx_HAL_Driver\src\stm32f30x_hrtim.o
HRTIM_ChopperModeConfig                           Drivers\STM32F3xx_HAL_Driver\src\stm32f30x_hrtim.o
HRTIM_ClearCommonFlag                             Drivers\STM32F3xx_HAL_Driver\src\stm32f30x_hrtim.o
HRTIM_ClearCommonITPendingBit                     Drivers\STM32F3xx_HAL_Driver\src\stm32f30x_hrtim.o
HRTIM_ClearFlag                                   Drivers\STM32F3xx_HAL_Driver\src\stm32f30x_hrtim.o
HRTIM_ClearITPendingBit                           Drivers\STM32F3xx_HAL_Driver\src\stm32f30x_hrtim.o
HRTIM_DLLCalibrationStart                         Drivers\STM32F3xx_HAL_Driver\src\stm32f30x_hrtim.o
HRTIM_DMACmd                                      Drivers\STM32F3xx_HAL_Driver\src\stm32f30x_hrtim.o
HRTIM_DeInit                                      Drivers\STM32F3xx_HAL_Driver\src\stm32f30x_hrtim.o
HRTIM_DeadTimeConfig                              Drivers\STM32F3xx_HAL_Driver\src\stm32f30x_hrtim.o
HRTIM_EventConfig                                 Drivers\STM32F3xx_HAL_Driver\src\stm32f30x_hrtim.o
HRTIM_EventPrescalerConfig                        Drivers\STM32F3xx_HAL_Driver\src\stm32f30x_hrtim.o
HRTIM_FaultConfig                                 Drivers\STM32F3xx_HAL_Driver\src\stm32f30x_hrtim.o
HRTIM_FaultModeCtl                                Drivers\STM32F3xx_HAL_Driver\src\stm32f30x_hrtim.o
HRTIM_FaultPrescalerConfig                        Drivers\STM32F3xx_HAL_Driver\src\stm32f30x_hrtim.o
HRTIM_GetBurstStatus                              Drivers\STM32F3xx_HAL_Driver\src\stm32f30x_hrtim.o
HRTIM_GetCapturedValue                            Drivers\STM32F3xx_HAL_Driver\src\stm32f30x_hrtim.o
HRTIM_GetCommonFlagStatus                         Drivers\STM32F3xx_HAL_Driver\src\stm32f30x_hrtim.o
HRTIM_GetCommonITStatus                           Drivers\STM32F3xx_HAL_Driver\src\stm32f30x_hrtim.o
HRTIM_GetCurrentPushPullStatus                    Drivers\STM32F3xx_HAL_Driver\src\stm32f30x_hrtim.o
HRTIM_GetDelayedProtectionStatus                  Drivers\STM32F3xx_HAL_Driver\src\stm32f30x_hrtim.o
HRTIM_GetFlagStatus                               Drivers\STM32F3xx_HAL_Driver\src\stm32f30x_hrtim.o
HRTIM_GetITStatus                                 Drivers\STM32F3xx_HAL_Driver\src\stm32f30x_hrtim.o
HRTIM_GetIdlePushPullStatus                       Drivers\STM32F3xx_HAL_Driver\src\stm32f30x_hrtim.o
HRTIM_ITCommonConfig                              Drivers\STM32F3xx_HAL_Driver\src\stm32f30x_hrtim.o
HRTIM_ITConfig                                    Drivers\STM32F3xx_HAL_Driver\src\stm32f30x_hrtim.o
HRTIM_MasterSetCompare                            Drivers\STM32F3xx_HAL_Driver\src\stm32f30x_hrtim.o
HRTIM_SimpleBaseStart                             Drivers\STM32F3xx_HAL_Driver\src\stm32f30x_hrtim.o
HRTIM_SimpleBaseStop                              Drivers\STM32F3xx_HAL_Driver\src\stm32f30x_hrtim.o
HRTIM_SimpleBase_Init                             Drivers\STM32F3xx_HAL_Driver\src\stm32f30x_hrtim.o
HRTIM_SimpleCaptureChannelConfig                  Drivers\STM32F3xx_HAL_Driver\src\stm32f30x_hrtim.o
HRTIM_SimpleCaptureStart                          Drivers\STM32F3xx_HAL_Driver\src\stm32f30x_hrtim.o
HRTIM_SimpleCaptureStop                           Drivers\STM32F3xx_HAL_Driver\src\stm32f30x_hrtim.o
HRTIM_SimpleCapture_Init                          Drivers\STM32F3xx_HAL_Driver\src\stm32f30x_hrtim.o
HRTIM_SimpleOCChannelConfig                       Drivers\STM32F3xx_HAL_Driver\src\stm32f30x_hrtim.o
HRTIM_SimpleOCStart                               Drivers\STM32F3xx_HAL_Driver\src\stm32f30x_hrtim.o
HRTIM_SimpleOCStop                                Drivers\STM32F3xx_HAL_Driver\src\stm32f30x_hrtim.o
HRTIM_SimpleOC_Init                               Drivers\STM32F3xx_HAL_Driver\src\stm32f30x_hrtim.o
HRTIM_SimpleOnePulseChannelConfig                 Drivers\STM32F3xx_HAL_Driver\src\stm32f30x_hrtim.o
HRTIM_SimpleOnePulseStart                         Drivers\STM32F3xx_HAL_Driver\src\stm32f30x_hrtim.o
HRTIM_SimpleOnePulseStop                          Drivers\STM32F3xx_HAL_Driver\src\stm32f30x_hrtim.o
HRTIM_SimpleOnePulse_Init                         Drivers\STM32F3xx_HAL_Driver\src\stm32f30x_hrtim.o
HRTIM_SimplePWMChannelConfig                      Drivers\STM32F3xx_HAL_Driver\src\stm32f30x_hrtim.o
HRTIM_SimplePWMStart                              Drivers\STM32F3xx_HAL_Driver\src\stm32f30x_hrtim.o
HRTIM_SimplePWMStop                               Drivers\STM32F3xx_HAL_Driver\src\stm32f30x_hrtim.o
HRTIM_SimplePWM_Init                              Drivers\STM32F3xx_HAL_Driver\src\stm32f30x_hrtim.o
HRTIM_SlaveSetCompare                             Drivers\STM32F3xx_HAL_Driver\src\stm32f30x_hrtim.o
HRTIM_SoftwareCapture                             Drivers\STM32F3xx_HAL_Driver\src\stm32f30x_hrtim.o
HRTIM_SoftwareReset                               Drivers\STM32F3xx_HAL_Driver\src\stm32f30x_hrtim.o
HRTIM_SoftwareUpdate                              Drivers\STM32F3xx_HAL_Driver\src\stm32f30x_hrtim.o
HRTIM_SynchronizationConfig                       Drivers\STM32F3xx_HAL_Driver\src\stm32f30x_hrtim.o
HRTIM_TimerEventFilteringConfig                   Drivers\STM32F3xx_HAL_Driver\src\stm32f30x_hrtim.o
HRTIM_WaveformCaptureConfig                       Drivers\STM32F3xx_HAL_Driver\src\stm32f30x_hrtim.o
HRTIM_WaveformCompareConfig                       Drivers\STM32F3xx_HAL_Driver\src\stm32f30x_hrtim.o
HRTIM_WaveformCounterStart                        Drivers\STM32F3xx_HAL_Driver\src\stm32f30x_hrtim.o
HRTIM_WaveformCounterStop                         Drivers\STM32F3xx_HAL_Driver\src\stm32f30x_hrtim.o
HRTIM_WaveformGetOutputLevel                      Drivers\STM32F3xx_HAL_Driver\src\stm32f30x_hrtim.o
HRTIM_WaveformGetOutputState                      Drivers\STM32F3xx_HAL_Driver\src\stm32f30x_hrtim.o
HRTIM_WaveformOutputConfig                        Drivers\STM32F3xx_HAL_Driver\src\stm32f30x_hrtim.o
HRTIM_WaveformOutputStart                         Drivers\STM32F3xx_HAL_Driver\src\stm32f30x_hrtim.o
HRTIM_WaveformOutputStop                          Drivers\STM32F3xx_HAL_Driver\src\stm32f30x_hrtim.o
HRTIM_WaveformSetOutputLevel                      Drivers\STM32F3xx_HAL_Driver\src\stm32f30x_hrtim.o
HRTIM_WaveformTimerConfig                         Drivers\STM32F3xx_HAL_Driver\src\stm32f30x_hrtim.o
HRTIM_Waveform_Init                               Drivers\STM32F3xx_HAL_Driver\src\stm32f30x_hrtim.o
HardFault_Handler                                 src\main.o
I2C1_ER_IRQHandler                                src\startup_stm32f302x8.o
I2C1_EV_IRQHandler                                src\startup_stm32f302x8.o
I2C2_ER_IRQHandler                                src\startup_stm32f302x8.o
I2C2_EV_IRQHandler                                src\startup_stm32f302x8.o
I2C3_ER_IRQHandler                                src\startup_stm32f302x8.o
I2C3_EV_IRQHandler                                src\startup_stm32f302x8.o
I2C_10BitAddressHeaderCmd                         Drivers\STM32F3xx_HAL_Driver\src\stm32f30x_i2c.o
I2C_10BitAddressingModeCmd                        Drivers\STM32F3xx_HAL_Driver\src\stm32f30x_i2c.o
I2C_AcknowledgeConfig                             Drivers\STM32F3xx_HAL_Driver\src\stm32f30x_i2c.o
I2C_AutoEndCmd                                    Drivers\STM32F3xx_HAL_Driver\src\stm32f30x_i2c.o
I2C_CalculatePEC                                  Drivers\STM32F3xx_HAL_Driver\src\stm32f30x_i2c.o
I2C_ClearFlag                                     Drivers\STM32F3xx_HAL_Driver\src\stm32f30x_i2c.o
I2C_ClearITPendingBit                             Drivers\STM32F3xx_HAL_Driver\src\stm32f30x_i2c.o
I2C_ClockTimeoutCmd                               Drivers\STM32F3xx_HAL_Driver\src\stm32f30x_i2c.o
I2C_Cmd                                           Drivers\STM32F3xx_HAL_Driver\src\stm32f30x_i2c.o
I2C_DMACmd                                        Drivers\STM32F3xx_HAL_Driver\src\stm32f30x_i2c.o
I2C_DeInit                                        Drivers\STM32F3xx_HAL_Driver\src\stm32f30x_i2c.o
I2C_DualAddressCmd                                Drivers\STM32F3xx_HAL_Driver\src\stm32f30x_i2c.o
I2C_ExtendedClockTimeoutCmd                       Drivers\STM32F3xx_HAL_Driver\src\stm32f30x_i2c.o
I2C_GeneralCallCmd                                Drivers\STM32F3xx_HAL_Driver\src\stm32f30x_i2c.o
I2C_GenerateSTART                                 Drivers\STM32F3xx_HAL_Driver\src\stm32f30x_i2c.o
I2C_GenerateSTOP                                  Drivers\STM32F3xx_HAL_Driver\src\stm32f30x_i2c.o
I2C_GetAddressMatched                             Drivers\STM32F3xx_HAL_Driver\src\stm32f30x_i2c.o
I2C_GetFlagStatus                                 Drivers\STM32F3xx_HAL_Driver\src\stm32f30x_i2c.o
I2C_GetITStatus                                   Drivers\STM32F3xx_HAL_Driver\src\stm32f30x_i2c.o
I2C_GetPEC                                        Drivers\STM32F3xx_HAL_Driver\src\stm32f30x_i2c.o
I2C_GetTransferDirection                          Drivers\STM32F3xx_HAL_Driver\src\stm32f30x_i2c.o
I2C_ITConfig                                      Drivers\STM32F3xx_HAL_Driver\src\stm32f30x_i2c.o
I2C_IdleClockTimeoutCmd                           Drivers\STM32F3xx_HAL_Driver\src\stm32f30x_i2c.o
I2C_Init                                          Drivers\STM32F3xx_HAL_Driver\src\stm32f30x_i2c.o
I2C_MasterRequestConfig                           Drivers\STM32F3xx_HAL_Driver\src\stm32f30x_i2c.o
I2C_NumberOfBytesConfig                           Drivers\STM32F3xx_HAL_Driver\src\stm32f30x_i2c.o
I2C_OwnAddress2Config                             Drivers\STM32F3xx_HAL_Driver\src\stm32f30x_i2c.o
I2C_PECRequestCmd                                 Drivers\STM32F3xx_HAL_Driver\src\stm32f30x_i2c.o
I2C_ReadRegister                                  Drivers\STM32F3xx_HAL_Driver\src\stm32f30x_i2c.o
I2C_ReceiveData                                   Drivers\STM32F3xx_HAL_Driver\src\stm32f30x_i2c.o
I2C_ReloadCmd                                     Drivers\STM32F3xx_HAL_Driver\src\stm32f30x_i2c.o
I2C_SMBusAlertCmd                                 Drivers\STM32F3xx_HAL_Driver\src\stm32f30x_i2c.o
I2C_SendData                                      Drivers\STM32F3xx_HAL_Driver\src\stm32f30x_i2c.o
I2C_SlaveAddressConfig                            Drivers\STM32F3xx_HAL_Driver\src\stm32f30x_i2c.o
I2C_SlaveByteControlCmd                           Drivers\STM32F3xx_HAL_Driver\src\stm32f30x_i2c.o
I2C_SoftwareResetCmd                              Drivers\STM32F3xx_HAL_Driver\src\stm32f30x_i2c.o
I2C_StopModeCmd                                   Drivers\STM32F3xx_HAL_Driver\src\stm32f30x_i2c.o
I2C_StretchClockCmd                               Drivers\STM32F3xx_HAL_Driver\src\stm32f30x_i2c.o
I2C_StructInit                                    Drivers\STM32F3xx_HAL_Driver\src\stm32f30x_i2c.o
I2C_TimeoutAConfig                                Drivers\STM32F3xx_HAL_Driver\src\stm32f30x_i2c.o
I2C_TimeoutBConfig                                Drivers\STM32F3xx_HAL_Driver\src\stm32f30x_i2c.o
I2C_TransferHandling                              Drivers\STM32F3xx_HAL_Driver\src\stm32f30x_i2c.o
I2S_Cmd                                           Drivers\STM32F3xx_HAL_Driver\src\stm32f30x_spi.o
I2S_FullDuplexConfig                              Drivers\STM32F3xx_HAL_Driver\src\stm32f30x_spi.o
I2S_Init                                          Drivers\STM32F3xx_HAL_Driver\src\stm32f30x_spi.o
I2S_StructInit                                    Drivers\STM32F3xx_HAL_Driver\src\stm32f30x_spi.o
IWDG_Enable                                       Drivers\STM32F3xx_HAL_Driver\src\stm32f30x_iwdg.o
IWDG_GetFlagStatus                                Drivers\STM32F3xx_HAL_Driver\src\stm32f30x_iwdg.o
IWDG_ReloadCounter                                Drivers\STM32F3xx_HAL_Driver\src\stm32f30x_iwdg.o
IWDG_SetPrescaler                                 Drivers\STM32F3xx_HAL_Driver\src\stm32f30x_iwdg.o
IWDG_SetReload                                    Drivers\STM32F3xx_HAL_Driver\src\stm32f30x_iwdg.o
IWDG_SetWindowValue                               Drivers\STM32F3xx_HAL_Driver\src\stm32f30x_iwdg.o
IWDG_WriteAccessCmd                               Drivers\STM32F3xx_HAL_Driver\src\stm32f30x_iwdg.o
Init                                              src\ServerLifter.o
                                                  src\main.o
InitServerLifter                                  src\ServerLifter.o
MemManage_Handler                                 src\startup_stm32f302x8.o
NMI_Handler                                       src\startup_stm32f302x8.o
NVIC_Init                                         Drivers\STM32F3xx_HAL_Driver\src\stm32f30x_misc.o
                                                  src\serial.o
                                                  src\encoder.o
                                                  src\CAN.o
NVIC_PriorityGroupConfig                          Drivers\STM32F3xx_HAL_Driver\src\stm32f30x_misc.o
                                                  src\ServerLifter.o
NVIC_SetVectorTable                               Drivers\STM32F3xx_HAL_Driver\src\stm32f30x_misc.o
NVIC_SystemLPConfig                               Drivers\STM32F3xx_HAL_Driver\src\stm32f30x_misc.o
OPAMP_Cmd                                         Drivers\STM32F3xx_HAL_Driver\src\stm32f30x_opamp.o
OPAMP_DeInit                                      Drivers\STM32F3xx_HAL_Driver\src\stm32f30x_opamp.o
OPAMP_GetOutputLevel                              Drivers\STM32F3xx_HAL_Driver\src\stm32f30x_opamp.o
OPAMP_Init                                        Drivers\STM32F3xx_HAL_Driver\src\stm32f30x_opamp.o
OPAMP_LockConfig                                  Drivers\STM32F3xx_HAL_Driver\src\stm32f30x_opamp.o
OPAMP_OffsetTrimConfig                            Drivers\STM32F3xx_HAL_Driver\src\stm32f30x_opamp.o
OPAMP_OffsetTrimModeSelect                        Drivers\STM32F3xx_HAL_Driver\src\stm32f30x_opamp.o
OPAMP_PGAConfig                                   Drivers\STM32F3xx_HAL_Driver\src\stm32f30x_opamp.o
OPAMP_StartCalibration                            Drivers\STM32F3xx_HAL_Driver\src\stm32f30x_opamp.o
OPAMP_StructInit                                  Drivers\STM32F3xx_HAL_Driver\src\stm32f30x_opamp.o
OPAMP_TimerControlledMuxCmd                       Drivers\STM32F3xx_HAL_Driver\src\stm32f30x_opamp.o
OPAMP_TimerControlledMuxConfig                    Drivers\STM32F3xx_HAL_Driver\src\stm32f30x_opamp.o
OPAMP_VrefConfig                                  Drivers\STM32F3xx_HAL_Driver\src\stm32f30x_opamp.o
OPAMP_VrefConnectADCCmd                           Drivers\STM32F3xx_HAL_Driver\src\stm32f30x_opamp.o
OPAMP_VrefConnectNonInvertingInput                Drivers\STM32F3xx_HAL_Driver\src\stm32f30x_opamp.o
POT1_RDY                                          src\digipot.o
                                                  src\GPIOs.o
POT1_SYNC                                         src\digipot.o
                                                  src\GPIOs.o
POT2_RDY                                          src\digipot.o
                                                  src\GPIOs.o
POT2_SYNC                                         src\digipot.o
                                                  src\GPIOs.o
POT3_RDY                                          src\digipot.o
                                                  src\GPIOs.o
POT3_SYNC                                         src\digipot.o
                                                  src\GPIOs.o
POT4_INDEP                                        src\digipot.o
                                                  src\GPIOs.o
POT4_SYNC                                         src\digipot.o
                                                  src\GPIOs.o
POT5_INDEP                                        src\digipot.o
                                                  src\GPIOs.o
POT5_SYNC                                         src\digipot.o
                                                  src\GPIOs.o
POT6_INDEP                                        src\digipot.o
                                                  src\GPIOs.o
POT6_SYNC                                         src\digipot.o
                                                  src\GPIOs.o
PVD_IRQHandler                                    src\startup_stm32f302x8.o
PWR_BackupAccessCmd                               Drivers\STM32F3xx_HAL_Driver\src\stm32f30x_pwr.o
PWR_CTRL                                          src\digipot.o
                                                  src\GPIOs.o
PWR_ClearFlag                                     Drivers\STM32F3xx_HAL_Driver\src\stm32f30x_pwr.o
PWR_DeInit                                        Drivers\STM32F3xx_HAL_Driver\src\stm32f30x_pwr.o
PWR_EnterSTANDBYMode                              Drivers\STM32F3xx_HAL_Driver\src\stm32f30x_pwr.o
PWR_EnterSTOPMode                                 Drivers\STM32F3xx_HAL_Driver\src\stm32f30x_pwr.o
PWR_EnterSleepMode                                Drivers\STM32F3xx_HAL_Driver\src\stm32f30x_pwr.o
PWR_GetFlagStatus                                 Drivers\STM32F3xx_HAL_Driver\src\stm32f30x_pwr.o
PWR_PVDCmd                                        Drivers\STM32F3xx_HAL_Driver\src\stm32f30x_pwr.o
PWR_PVDLevelConfig                                Drivers\STM32F3xx_HAL_Driver\src\stm32f30x_pwr.o
PWR_WakeUpPinCmd                                  Drivers\STM32F3xx_HAL_Driver\src\stm32f30x_pwr.o
PendSV_Handler                                    src\startup_stm32f302x8.o
RCC_ADCCLKConfig                                  Drivers\STM32F3xx_HAL_Driver\src\stm32f30x_rcc.o
RCC_AHBPeriphClockCmd                             Drivers\STM32F3xx_HAL_Driver\src\stm32f30x_rcc.o
                                                  src\serial.o
                                                  src\ServerLifter.o
RCC_AHBPeriphResetCmd                             Drivers\STM32F3xx_HAL_Driver\src\stm32f30x_rcc.o
                                                  Drivers\STM32F3xx_HAL_Driver\src\stm32f30x_gpio.o
                                                  Drivers\STM32F3xx_HAL_Driver\src\stm32f30x_adc.o
RCC_APB1PeriphClockCmd                            Drivers\STM32F3xx_HAL_Driver\src\stm32f30x_rcc.o
                                                  src\spi.o
                                                  src\serial.o
                                                  src\encoder.o
                                                  src\CAN.o
RCC_APB1PeriphResetCmd                            Drivers\STM32F3xx_HAL_Driver\src\stm32f30x_rcc.o
                                                  Drivers\STM32F3xx_HAL_Driver\src\stm32f30x_wwdg.o
                                                  Drivers\STM32F3xx_HAL_Driver\src\stm32f30x_usart.o
                                                  Drivers\STM32F3xx_HAL_Driver\src\stm32f30x_tim.o
                                                  Drivers\STM32F3xx_HAL_Driver\src\stm32f30x_spi.o
                                                  Drivers\STM32F3xx_HAL_Driver\src\stm32f30x_pwr.o
                                                  Drivers\STM32F3xx_HAL_Driver\src\stm32f30x_i2c.o
                                                  Drivers\STM32F3xx_HAL_Driver\src\stm32f30x_dac.o
                                                  Drivers\STM32F3xx_HAL_Driver\src\stm32f30x_can.o
RCC_APB2PeriphClockCmd                            Drivers\STM32F3xx_HAL_Driver\src\stm32f30x_rcc.o
                                                  src\timer.o
RCC_APB2PeriphResetCmd                            Drivers\STM32F3xx_HAL_Driver\src\stm32f30x_rcc.o
                                                  Drivers\STM32F3xx_HAL_Driver\src\stm32f30x_usart.o
                                                  Drivers\STM32F3xx_HAL_Driver\src\stm32f30x_tim.o
                                                  Drivers\STM32F3xx_HAL_Driver\src\stm32f30x_spi.o
                                                  Drivers\STM32F3xx_HAL_Driver\src\stm32f30x_hrtim.o
RCC_AdjustHSICalibrationValue                     Drivers\STM32F3xx_HAL_Driver\src\stm32f30x_rcc.o
RCC_BackupResetCmd                                Drivers\STM32F3xx_HAL_Driver\src\stm32f30x_rcc.o
RCC_ClearFlag                                     Drivers\STM32F3xx_HAL_Driver\src\stm32f30x_rcc.o
RCC_ClearITPendingBit                             Drivers\STM32F3xx_HAL_Driver\src\stm32f30x_rcc.o
RCC_ClockSecuritySystemCmd                        Drivers\STM32F3xx_HAL_Driver\src\stm32f30x_rcc.o
RCC_DeInit                                        Drivers\STM32F3xx_HAL_Driver\src\stm32f30x_rcc.o
RCC_GetClocksFreq                                 Drivers\STM32F3xx_HAL_Driver\src\stm32f30x_rcc.o
                                                  Drivers\STM32F3xx_HAL_Driver\src\stm32f30x_usart.o
                                                  Drivers\STM32F3xx_HAL_Driver\src\stm32f30x_spi.o
RCC_GetFlagStatus                                 Drivers\STM32F3xx_HAL_Driver\src\stm32f30x_rcc.o
RCC_GetITStatus                                   Drivers\STM32F3xx_HAL_Driver\src\stm32f30x_rcc.o
RCC_GetSYSCLKSource                               Drivers\STM32F3xx_HAL_Driver\src\stm32f30x_rcc.o
RCC_HCLKConfig                                    Drivers\STM32F3xx_HAL_Driver\src\stm32f30x_rcc.o
RCC_HRTIM1CLKConfig                               Drivers\STM32F3xx_HAL_Driver\src\stm32f30x_rcc.o
RCC_HSEConfig                                     Drivers\STM32F3xx_HAL_Driver\src\stm32f30x_rcc.o
RCC_HSICmd                                        Drivers\STM32F3xx_HAL_Driver\src\stm32f30x_rcc.o
RCC_I2CCLKConfig                                  Drivers\STM32F3xx_HAL_Driver\src\stm32f30x_rcc.o
RCC_I2SCLKConfig                                  Drivers\STM32F3xx_HAL_Driver\src\stm32f30x_rcc.o
RCC_IRQHandler                                    src\startup_stm32f302x8.o
RCC_ITConfig                                      Drivers\STM32F3xx_HAL_Driver\src\stm32f30x_rcc.o
RCC_LSEConfig                                     Drivers\STM32F3xx_HAL_Driver\src\stm32f30x_rcc.o
RCC_LSEDriveConfig                                Drivers\STM32F3xx_HAL_Driver\src\stm32f30x_rcc.o
RCC_LSICmd                                        Drivers\STM32F3xx_HAL_Driver\src\stm32f30x_rcc.o
RCC_MCOConfig                                     Drivers\STM32F3xx_HAL_Driver\src\stm32f30x_rcc.o
RCC_PCLK1Config                                   Drivers\STM32F3xx_HAL_Driver\src\stm32f30x_rcc.o
RCC_PCLK2Config                                   Drivers\STM32F3xx_HAL_Driver\src\stm32f30x_rcc.o
RCC_PLLCmd                                        Drivers\STM32F3xx_HAL_Driver\src\stm32f30x_rcc.o
RCC_PLLConfig                                     Drivers\STM32F3xx_HAL_Driver\src\stm32f30x_rcc.o
RCC_PREDIV1Config                                 Drivers\STM32F3xx_HAL_Driver\src\stm32f30x_rcc.o
RCC_RTCCLKCmd                                     Drivers\STM32F3xx_HAL_Driver\src\stm32f30x_rcc.o
RCC_RTCCLKConfig                                  Drivers\STM32F3xx_HAL_Driver\src\stm32f30x_rcc.o
RCC_SYSCLKConfig                                  Drivers\STM32F3xx_HAL_Driver\src\stm32f30x_rcc.o
RCC_TIMCLKConfig                                  Drivers\STM32F3xx_HAL_Driver\src\stm32f30x_rcc.o
RCC_USARTCLKConfig                                Drivers\STM32F3xx_HAL_Driver\src\stm32f30x_rcc.o
RCC_USBCLKConfig                                  Drivers\STM32F3xx_HAL_Driver\src\stm32f30x_rcc.o
RCC_WaitForHSEStartUp                             Drivers\STM32F3xx_HAL_Driver\src\stm32f30x_rcc.o
RTC_AlarmCmd                                      Drivers\STM32F3xx_HAL_Driver\src\stm32f30x_rtc.o
RTC_AlarmStructInit                               Drivers\STM32F3xx_HAL_Driver\src\stm32f30x_rtc.o
RTC_AlarmSubSecondConfig                          Drivers\STM32F3xx_HAL_Driver\src\stm32f30x_rtc.o
RTC_Alarm_IRQHandler                              src\startup_stm32f302x8.o
RTC_BypassShadowCmd                               Drivers\STM32F3xx_HAL_Driver\src\stm32f30x_rtc.o
RTC_CalibOutputCmd                                Drivers\STM32F3xx_HAL_Driver\src\stm32f30x_rtc.o
RTC_CalibOutputConfig                             Drivers\STM32F3xx_HAL_Driver\src\stm32f30x_rtc.o
RTC_ClearFlag                                     Drivers\STM32F3xx_HAL_Driver\src\stm32f30x_rtc.o
RTC_ClearITPendingBit                             Drivers\STM32F3xx_HAL_Driver\src\stm32f30x_rtc.o
RTC_DateStructInit                                Drivers\STM32F3xx_HAL_Driver\src\stm32f30x_rtc.o
RTC_DayLightSavingConfig                          Drivers\STM32F3xx_HAL_Driver\src\stm32f30x_rtc.o
RTC_DeInit                                        Drivers\STM32F3xx_HAL_Driver\src\stm32f30x_rtc.o
RTC_EnterInitMode                                 Drivers\STM32F3xx_HAL_Driver\src\stm32f30x_rtc.o
RTC_ExitInitMode                                  Drivers\STM32F3xx_HAL_Driver\src\stm32f30x_rtc.o
RTC_GetAlarm                                      Drivers\STM32F3xx_HAL_Driver\src\stm32f30x_rtc.o
RTC_GetAlarmSubSecond                             Drivers\STM32F3xx_HAL_Driver\src\stm32f30x_rtc.o
RTC_GetDate                                       Drivers\STM32F3xx_HAL_Driver\src\stm32f30x_rtc.o
RTC_GetFlagStatus                                 Drivers\STM32F3xx_HAL_Driver\src\stm32f30x_rtc.o
RTC_GetITStatus                                   Drivers\STM32F3xx_HAL_Driver\src\stm32f30x_rtc.o
RTC_GetStoreOperation                             Drivers\STM32F3xx_HAL_Driver\src\stm32f30x_rtc.o
RTC_GetSubSecond                                  Drivers\STM32F3xx_HAL_Driver\src\stm32f30x_rtc.o
RTC_GetTime                                       Drivers\STM32F3xx_HAL_Driver\src\stm32f30x_rtc.o
RTC_GetTimeStamp                                  Drivers\STM32F3xx_HAL_Driver\src\stm32f30x_rtc.o
RTC_GetTimeStampSubSecond                         Drivers\STM32F3xx_HAL_Driver\src\stm32f30x_rtc.o
RTC_GetWakeUpCounter                              Drivers\STM32F3xx_HAL_Driver\src\stm32f30x_rtc.o
RTC_ITConfig                                      Drivers\STM32F3xx_HAL_Driver\src\stm32f30x_rtc.o
RTC_Init                                          Drivers\STM32F3xx_HAL_Driver\src\stm32f30x_rtc.o
RTC_OutputConfig                                  Drivers\STM32F3xx_HAL_Driver\src\stm32f30x_rtc.o
RTC_OutputTypeConfig                              Drivers\STM32F3xx_HAL_Driver\src\stm32f30x_rtc.o
RTC_ReadBackupRegister                            Drivers\STM32F3xx_HAL_Driver\src\stm32f30x_rtc.o
RTC_RefClockCmd                                   Drivers\STM32F3xx_HAL_Driver\src\stm32f30x_rtc.o
RTC_SetAlarm                                      Drivers\STM32F3xx_HAL_Driver\src\stm32f30x_rtc.o
RTC_SetDate                                       Drivers\STM32F3xx_HAL_Driver\src\stm32f30x_rtc.o
RTC_SetTime                                       Drivers\STM32F3xx_HAL_Driver\src\stm32f30x_rtc.o
RTC_SetWakeUpCounter                              Drivers\STM32F3xx_HAL_Driver\src\stm32f30x_rtc.o
RTC_SmoothCalibConfig                             Drivers\STM32F3xx_HAL_Driver\src\stm32f30x_rtc.o
RTC_StructInit                                    Drivers\STM32F3xx_HAL_Driver\src\stm32f30x_rtc.o
RTC_SynchroShiftConfig                            Drivers\STM32F3xx_HAL_Driver\src\stm32f30x_rtc.o
RTC_TamperCmd                                     Drivers\STM32F3xx_HAL_Driver\src\stm32f30x_rtc.o